[
    "Blizzard Entertainment -- TBC, and software design alterations by",
    "Burning Crusade, The (TBC)",
    "Ducheneaut, N.",
    "Gnomes",
    "Karazhan (Kara) dungeon",
    "encoded rules in digital entities -- TBC, and changes to",
    "encoded rules in digital entities -- in WoW",
    "software modifications -- TBC and",
    "Alliance races",
    "Bardzell, S.",
    "Blood Elves",
    "Draenei",
    "Dwarfs",
    "European WoW culture -- TBC release and",
    "Huizinga, J. -- on play",
    "Orcs",
    "Rea, S.",
    "Serpentshrine Cavern (SSC)",
    "Upper Black Rock Spire (UBRS) dungeon",
    "World of Warcraft (WoW) -- demographic data on players of",
    "World of Warcraft (WoW) -- described",
    "adventure game, defined",
    "alchemy profession",
    "artistry in visual design -- gear and",
    "artistry in visual design -- nostalgia runs due to",
    "character leveling",
    "dungeons -- TBC and",
    "dungeons -- raiding",
    "feedback on changes in design",
    "game play -- in Korea",
    "healing class -- alchemy profession and",
    "humor",
    "leveling",
    "mobs (monster/mobile)",
    "nonplayer characters (NPCs)",
    "nostalgia runs",
    "performance -- humor, and salience of",
    "performance -- progression and",
    "players -- demographic data on",
    "progression",
    "races",
    "resource role of rules -- artistry in visual design of and",
    "\"Mudpie\"",
    "Aarseth, E.",
    "Adventure",
    "Andreas-Salomé, Lou (Luise)",
    "Asia",
    "Atrus",
    "Bainbridge, W.",
    "Bakhtin, Mikhail",
    "Bardzell, J.",
    "Bedquilt Cave",
    "Blizzard Entertainment -- community, and role of",
    "Blizzard Entertainment -- design changes by",
    "Blizzard Entertainment -- feedback and",
    "Blomberg, J.",
    "Borderlands",
    "Bradstreet, Anne",
    "Callon, M.",
    "Capitalism -- Western-style",
    "Catacomb 3D",
    "Chaucer, Geoffrey -- \"The Wife of Bath's Tale\"",
    "Chen, M.",
    "Chinese WoW culture -- TBC release and",
    "Cloudiness model",
    "Colossal Cave Adventure",
    "Commander Keen",
    "Creativity -- genius in",
    "Crowther, Willie",
    "Cyan Worlds",
    "Derelict (pseud.) guild",
    "Dewey, J.",
    "Doyle, Arthur Conan -- The Hound of the Baskervilles",
    "Dungeons & Dragons",
    "Ellison, N.",
    "Ellul, J.",
    "Fallout 3",
    "Fawcett, B.",
    "Flow.",
    "Free trade",
    "Freud, Sigmund",
    "Gadamer, Hans-Georg",
    "Generalizations",
    "Golub, A. -- on worklike activities",
    "Greater East Asia Co-prosperity Sphere",
    "HAWT descriptor",
    "Heidegger, Martin",
    "Hollywood films",
    "Horde races",
    "Hound of the Baskervilles, The (Doyle)",
    "Huisman, J.-W.",
    "Huizinga, J. -- on apart together feelings",
    "Humans",
    "Innikka (pseud.) -- Night Elf race and",
    "Innikka (pseud.) -- emotes used by",
    "Kallinikos, J.",
    "Kaptelinin, V.",
    "Kensing, F.",
    "Klossowska, Elizabeth Dorothee (\"Baladine,\" \"Merline\")",
    "Latour, Bruno",
    "Lewis, C. S.: \"Bluspels and Flalansferes\"",
    "Lowell, Robert",
    "Macbeth, The Tragedy of (Shakespeare)",
    "Management, Japanese-style",
    "Marckmann, H.",
    "Metaphor -- choice of, never accidental",
    "Metaphor -- master's",
    "Miller, A. I.",
    "Minnesota, University of",
    "Mumford, L.",
    "Myst III: Exile",
    "Myst IV: Revelation",
    "Nardi, B. -- on power of technology",
    "Night Elves",
    "Noël, S.",
    "O'Hara, Frank -- \"The Day Lady Died\"",
    "Odom, W.",
    "Oedipus complex -- oedipal drama/elements/enactments/ scene",
    "Parochialism -- shedding",
    "Poole, S.",
    "Psychoanalysis -- Rilke's attitudes toward",
    "Raessens, J.",
    "Recount (mod)",
    "Rettberg, S.",
    "Rilke's writings -- Duino Elegies (Duineser Elegien)",
    "Rilke's writings -- Notebooks of Malte Laurids Brigge, The (Die Aufzeichnungnen des Malte Laurids Brigge)",
    "Romero, John",
    "Scarlet Raven (pseud.) guild -- TBC, and software change effects on",
    "Scarlet Raven (pseud.) guild -- damage meters and",
    "Scarlet Raven (pseud.) guild -- dissolution of",
    "Searchers, The (film)",
    "Second Life -- adult-themed activity reputation of",
    "Shakespeare, William -- The Tragedy of Macbeth",
    "Stevens, P.",
    "Sudden Attack (video game)",
    "Super Bug",
    "Taylor, T. L. -- citations",
    "Thottbot.com",
    "Tolkien, J. R. R.",
    "Toma, C.",
    "Tschang, F.",
    "Turner, V.",
    "Ubisoft",
    "Ultima Underworld",
    "Undead",
    "Warren, Robert Penn",
    "White, Hayden",
    "Winner, L.",
    "WoW Web Stats (WWS)",
    "Woods, Don",
    "World of Warcraft (WoW) -- servers in",
    "World of Warcraft (WoW) -- texts and narrative in",
    "Wright, James -- The Branch Will Not Break",
    "Yee, N. -- on farming",
    "activity theory",
    "adventure game genre",
    "aesthetic experience -- work versus",
    "aesthetic experience theory -- means-ends relations and",
    "agents",
    "aggro -- RL",
    "ammo",
    "arcades and arcade gaming",
    "artistry in visual design -- awards for",
    "artistry in visual design -- of druids",
    "artistry in visual design -- participatory design activity versus",
    "avatar",
    "boredom and monotony -- game play, and respite from RL",
    "boyd, danah",
    "classes -- in WoW",
    "community, in context of encoded rules",
    "curriculum",
    "damage meters",
    "druids -- described",
    "dungeons -- described",
    "dungeons -- instances and",
    "dungeons -- nostalgia runs and",
    "encoded rules in digital entities -- activity theory and",
    "encoded rules in digital entities -- community in context of",
    "encoded rules in digital entities -- feedback, and discourse about",
    "encoded rules in digital entities -- gear and",
    "family -- self-regulation and",
    "farming -- RL, and links with",
    "game play -- apart together feelings in",
    "game play -- boredom and monotony, and respite in world of",
    "ganking",
    "gear -- TBC and",
    "gear -- encoded rules and",
    "gear -- feedback on changes in design of",
    "gear -- performance, and impact of",
    "gear -- raiding and",
    "gendered practice -- masculine adjectives for vernacular names",
    "guilds -- TBC, and software change effects on",
    "heads-up display (HUD)",
    "healing class -- described",
    "immersive environments",
    "interactive fiction",
    "keycard",
    "magic circle -- WoW and",
    "magic circle -- instances and",
    "magic circle -- not-play and",
    "magic circle -- play and",
    "mastery of performance -- in WoW",
    "maze",
    "metrics -- damage meters mods for",
    "metrics -- healing class and",
    "modding and mods -- damage meters and",
    "modding and mods -- distribution of",
    "modeling -- with technology",
    "participants",
    "participatory aesthetic experience -- performance and",
    "performance -- sociality, and effects on",
    "play -- in visual-performative media",
    "play -- instanced",
    "play -- meaningfulness of",
    "play -- value of",
    "play -- voluntariness of",
    "play -- work, and subjective separation from",
    "players -- “alone together” feelings of",
    "pwning opponents",
    "raiding and raiding guilds -- damage meters and",
    "raiding and raiding guilds -- gear and",
    "raiding and raiding guilds -- raiding described",
    "real life (RL) -- aggro and",
    "real life (RL) -- farming, and links with",
    "real life (RL) -- third space and",
    "rhetoric -- HAWT descriptor and",
    "rhetoric -- video games, and role in travel of",
    "servers",
    "sociality -- sociable chats",
    "sociality -- “alone together” feelings and",
    "stories",
    "students -- motivations of",
    "subjectivity -- work and play separation and",
    "television.",
    "text adventures",
    "textures, texture mapping",
    "third space",
    "urban landscape",
    "video games -- language travel, and role of",
    "virtual -- environments",
    "visual design, and spectacle of images in",
    "visual-performative media -- as spectacle of images",
    "visual-performative media -- rewards and",
    "visual-performative media -- third space in",
    "wipe",
    "work -- RL, and links with",
    "work -- play versus",
    "work -- subjective separation from",
    "worklike activities -- complaints about",
    "worklike activities -- feedback about"
]
