{
    "barChartData": [
        {
            "height": "69",
            "page": "12",
            "stroke": "black",
            "width": "18",
            "x": "7",
            "y": "121"
        },
        {
            "height": "69",
            "page": "13",
            "stroke": "black",
            "width": "18",
            "x": "27",
            "y": "121"
        },
        {
            "height": "69",
            "page": "22",
            "stroke": "black",
            "width": "18",
            "x": "47",
            "y": "121"
        },
        {
            "height": "69",
            "page": "35",
            "stroke": "black",
            "width": "18",
            "x": "67",
            "y": "121"
        },
        {
            "height": "69",
            "page": "36",
            "stroke": "black",
            "width": "18",
            "x": "87",
            "y": "121"
        },
        {
            "height": "69",
            "page": "40",
            "stroke": "black",
            "width": "18",
            "x": "107",
            "y": "121"
        },
        {
            "height": "95",
            "page": "42",
            "stroke": "black",
            "width": "18",
            "x": "127",
            "y": "95"
        },
        {
            "height": "69",
            "page": "50",
            "stroke": "black",
            "width": "18",
            "x": "147",
            "y": "121"
        },
        {
            "height": "106",
            "page": "115",
            "stroke": "black",
            "width": "18",
            "x": "167",
            "y": "84"
        },
        {
            "height": "95",
            "page": "119",
            "stroke": "black",
            "width": "18",
            "x": "187",
            "y": "95"
        },
        {
            "height": "69",
            "page": "123",
            "stroke": "black",
            "width": "18",
            "x": "207",
            "y": "121"
        },
        {
            "height": "69",
            "page": "145",
            "stroke": "black",
            "width": "18",
            "x": "227",
            "y": "121"
        },
        {
            "height": "190",
            "page": "153",
            "stroke": "black",
            "width": "18",
            "x": "247",
            "y": "0"
        },
        {
            "height": "117",
            "page": "154",
            "stroke": "black",
            "width": "18",
            "x": "267",
            "y": "73"
        },
        {
            "height": "162",
            "page": "155",
            "stroke": "black",
            "width": "18",
            "x": "287",
            "y": "28"
        },
        {
            "height": "155",
            "page": "156",
            "stroke": "black",
            "width": "18",
            "x": "307",
            "y": "35"
        },
        {
            "height": "61",
            "page": "157",
            "stroke": "black",
            "width": "18",
            "x": "327",
            "y": "129"
        },
        {
            "height": "61",
            "page": "165",
            "stroke": "black",
            "width": "18",
            "x": "347",
            "y": "129"
        },
        {
            "height": "69",
            "page": "169",
            "stroke": "black",
            "width": "18",
            "x": "367",
            "y": "121"
        },
        {
            "height": "69",
            "page": "188",
            "stroke": "black",
            "width": "18",
            "x": "387",
            "y": "121"
        },
        {
            "height": "81",
            "page": "190",
            "stroke": "black",
            "width": "18",
            "x": "407",
            "y": "109"
        },
        {
            "height": "61",
            "page": "192",
            "stroke": "black",
            "width": "18",
            "x": "427",
            "y": "129"
        },
        {
            "height": "69",
            "page": "196",
            "stroke": "black",
            "width": "18",
            "x": "447",
            "y": "121"
        },
        {
            "height": "69",
            "page": "230",
            "stroke": "black",
            "width": "18",
            "x": "467",
            "y": "121"
        },
        {
            "height": "69",
            "page": "234",
            "stroke": "black",
            "width": "18",
            "x": "487",
            "y": "121"
        },
        {
            "height": "69",
            "page": "251",
            "stroke": "black",
            "width": "18",
            "x": "507",
            "y": "121"
        },
        {
            "height": "69",
            "page": "259",
            "stroke": "black",
            "width": "18",
            "x": "527",
            "y": "121"
        },
        {
            "height": "89",
            "page": "262",
            "stroke": "black",
            "width": "18",
            "x": "547",
            "y": "101"
        }
    ],
    "id": "d3cec99112255db9bf4963f7798562b6a36f1bd0b2016918629e007d474deb70-fulltext-topics-9780814712917-262",
    "isbn": "9780814712917",
    "pageNumber": "262",
    "pageText": "Teachers: evaluations of students, 44–48 subjects taught, 42 substitutes, 49 teachers’ room, 40 work conditions, 235–36 Textbooks: for arithmetic, 127–28, 129 for art, 155–56 Ministry of Education control, 35, 126 for morals, 162–69 for physical education, 146–48, 151–53 for reading (kokugo), 116, 123–26 Sam and Ellen’s, 12–13 U.S., 116 for social studies, 132–34, 135–37 Tobin, Joseph, David Wu, and Lynn Davidson: Hiroki, 80–81 Tracking, 233–34 Trip to Nature Center, 105–14 Truancy, 220 girl’s story, 184–85 Urawa: school neighborhood, 4–5 Walking group, 15 Yobiko, 202",
    "pageTextHighlights": [
        "art"
    ],
    "query": "art",
    "searchFulltext": true,
    "searchTopics": true,
    "title": "Japanese lessons",
    "topicsOnThisPageHighlights": [
    ]
}