{
    "barChartData": [
        {
            "height": "69",
            "page": "12",
            "stroke": "black",
            "width": "18",
            "x": "7",
            "y": "121"
        },
        {
            "height": "69",
            "page": "13",
            "stroke": "black",
            "width": "18",
            "x": "27",
            "y": "121"
        },
        {
            "height": "69",
            "page": "22",
            "stroke": "black",
            "width": "18",
            "x": "47",
            "y": "121"
        },
        {
            "height": "69",
            "page": "35",
            "stroke": "black",
            "width": "18",
            "x": "67",
            "y": "121"
        },
        {
            "height": "69",
            "page": "36",
            "stroke": "black",
            "width": "18",
            "x": "87",
            "y": "121"
        },
        {
            "height": "69",
            "page": "40",
            "stroke": "black",
            "width": "18",
            "x": "107",
            "y": "121"
        },
        {
            "height": "95",
            "page": "42",
            "stroke": "black",
            "width": "18",
            "x": "127",
            "y": "95"
        },
        {
            "height": "69",
            "page": "50",
            "stroke": "black",
            "width": "18",
            "x": "147",
            "y": "121"
        },
        {
            "height": "106",
            "page": "115",
            "stroke": "black",
            "width": "18",
            "x": "167",
            "y": "84"
        },
        {
            "height": "95",
            "page": "119",
            "stroke": "black",
            "width": "18",
            "x": "187",
            "y": "95"
        },
        {
            "height": "69",
            "page": "123",
            "stroke": "black",
            "width": "18",
            "x": "207",
            "y": "121"
        },
        {
            "height": "69",
            "page": "145",
            "stroke": "black",
            "width": "18",
            "x": "227",
            "y": "121"
        },
        {
            "height": "190",
            "page": "153",
            "stroke": "black",
            "width": "18",
            "x": "247",
            "y": "0"
        },
        {
            "height": "117",
            "page": "154",
            "stroke": "black",
            "width": "18",
            "x": "267",
            "y": "73"
        },
        {
            "height": "162",
            "page": "155",
            "stroke": "black",
            "width": "18",
            "x": "287",
            "y": "28"
        },
        {
            "height": "155",
            "page": "156",
            "stroke": "black",
            "width": "18",
            "x": "307",
            "y": "35"
        },
        {
            "height": "61",
            "page": "157",
            "stroke": "black",
            "width": "18",
            "x": "327",
            "y": "129"
        },
        {
            "height": "61",
            "page": "165",
            "stroke": "black",
            "width": "18",
            "x": "347",
            "y": "129"
        },
        {
            "height": "69",
            "page": "169",
            "stroke": "black",
            "width": "18",
            "x": "367",
            "y": "121"
        },
        {
            "height": "69",
            "page": "188",
            "stroke": "black",
            "width": "18",
            "x": "387",
            "y": "121"
        },
        {
            "height": "81",
            "page": "190",
            "stroke": "black",
            "width": "18",
            "x": "407",
            "y": "109"
        },
        {
            "height": "61",
            "page": "192",
            "stroke": "black",
            "width": "18",
            "x": "427",
            "y": "129"
        },
        {
            "height": "69",
            "page": "196",
            "stroke": "black",
            "width": "18",
            "x": "447",
            "y": "121"
        },
        {
            "height": "69",
            "page": "230",
            "stroke": "black",
            "width": "18",
            "x": "467",
            "y": "121"
        },
        {
            "height": "69",
            "page": "234",
            "stroke": "black",
            "width": "18",
            "x": "487",
            "y": "121"
        },
        {
            "height": "69",
            "page": "251",
            "stroke": "black",
            "width": "18",
            "x": "507",
            "y": "121"
        },
        {
            "height": "69",
            "page": "259",
            "stroke": "black",
            "width": "18",
            "x": "527",
            "y": "121"
        },
        {
            "height": "89",
            "page": "262",
            "stroke": "black",
            "width": "18",
            "x": "547",
            "y": "101"
        }
    ],
    "id": "d3cec99112255db9bf4963f7798562b6a36f1bd0b2016918629e007d474deb70-fulltext-topics-9780814712917-145",
    "isbn": "9780814712917",
    "pageNumber": "145",
    "pageText": "end of the Second World War. Okubo Higashi served chopstick meals about 40 percent of the time. PHYSICAL EDUCATION Japanese schools have large playgrounds and athletic fields. These spaces contrast with the congested buildings around them and in most neighborhoods are the only open areas. They almost always seem to be filled with boys and girls in physical education uniforms, all of them active. I had been more or less prepared for a strong academic program in Japanese elementary schools, but I was surprised at the emphasis placed on physical education and other nonacademic subjects, such as art and music. Japanese education has taken to heart the notion of educating the whole child. Japanese schools approach physical education as an educationally important subject that should be fun. Children should learn skills, strength, and endurance, taught through a sound pedagogy and lots of practice. Everyone, not just those with athletic ability, can become physically proficient and have fun. Physical education is one of the subjects the national Ministry of Education requires and provides a curriculum for. Not only are there detailed guides for teachers, but there are also specified numbers of hours of physical education classes each year (three periods per week), and there is a textbook for each grade. It had never occurred to anyone in our family that there could be such a thing. There’s homework, too! Children and teachers always change into their physical education uniforms in the classroom. Classes are usually held outdoors on the playground, and the equipment there is used in the curriculum—it’s the same in nearly every school in Japan. Each school also has a gymnasium and a swimming pool for use in the physical education program. The regular classroom teacher also teaches physical education, wearing a track suit for these classes and participating vigorously in",
    "pageTextHighlights": [
        "art"
    ],
    "query": "art",
    "searchFulltext": true,
    "searchTopics": true,
    "title": "Japanese lessons",
    "topicsOnThisPageHighlights": [
    ]
}