{
    "id": "1554fc76c25040f83ac969a355aee85aed80f408f9469e255b829801213bf8d3-topics",
    "limitByTopics": [
        [
            "Plato",
            37
        ],
        [
            "Plato -- Apology",
            8
        ],
        [
            "Aristotle",
            7
        ],
        [
            "Plato -- Crito",
            6
        ],
        [
            "Socrates",
            6
        ],
        [
            "Negativity of Socrates",
            4
        ],
        [
            "Plato -- Gorgias",
            4
        ],
        [
            "Plato -- anti-Semitism in",
            4
        ],
        [
            "Ovid",
            3
        ],
        [
            "Rousseau, Jean Jacques",
            3
        ],
        [
            "Socrates -- and retaliation",
            3
        ],
        [
            "Arabic",
            2
        ],
        [
            "Baron, Lawrence",
            2
        ],
        [
            "Conversion of rescued",
            2
        ],
        [
            "Dutch rescuers of Jews",
            2
        ]
    ],
    "query": "Plato",
    "resultsMetadata": [
        {
            "authorsAndPublisher": "Ian Shapiro; New York University Press",
            "isbn": "9780814780978",
            "maximumPageRelevanceScore": "10.518733",
            "numMatchedPages": 13,
            "thumbnail": "http://localhost/enm/prototypes/search-results/assets/covers/9780814780978.jpg",
            "title": "Integrity and Conscience"
        },
        {
            "authorsAndPublisher": "Ben-Ami Scharfstein; New York University Press",
            "isbn": "9780814779163",
            "maximumPageRelevanceScore": "8.564928",
            "numMatchedPages": 13,
            "thumbnail": "http://localhost/enm/prototypes/search-results/assets/covers/9780814779163.jpg",
            "title": "The Dilemma of Context"
        },
        {
            "authorsAndPublisher": "M. Guy Thompson; New York University Press",
            "isbn": "9780814782194",
            "maximumPageRelevanceScore": "8.356552",
            "numMatchedPages": 2,
            "thumbnail": "http://localhost/enm/prototypes/search-results/assets/covers/9780814782194.jpg",
            "title": "The truth about Freud’s technique"
        },
        {
            "authorsAndPublisher": "Stein, Kevin; The University of Michigan Press",
            "isbn": "9780472026708",
            "maximumPageRelevanceScore": "7.801562",
            "numMatchedPages": 1,
            "thumbnail": "http://localhost/enm/prototypes/search-results/assets/covers/9780472026708.jpg",
            "title": "Poetry's Afterlife: Verse in the Digital Age"
        },
        {
            "authorsAndPublisher": "Pearl M. Oliner; New York University Press",
            "isbn": "9780814761908",
            "maximumPageRelevanceScore": "7.801562",
            "numMatchedPages": 5,
            "thumbnail": "http://localhost/enm/prototypes/search-results/assets/covers/9780814761908.jpg",
            "title": "Embracing the Other"
        },
        {
            "authorsAndPublisher": "Stephen M. Feldman.; New York University Press",
            "isbn": "9780814726846",
            "maximumPageRelevanceScore": "7.801562",
            "numMatchedPages": 1,
            "thumbnail": "http://localhost/enm/prototypes/search-results/assets/covers/9780814726846.jpg",
            "title": "Please don’t Wish me a Merry Christmas"
        },
        {
            "authorsAndPublisher": "Jay M. Harris; New York University Press",
            "isbn": "9780814735084",
            "maximumPageRelevanceScore": "7.1597853",
            "numMatchedPages": 1,
            "thumbnail": "http://localhost/enm/prototypes/search-results/assets/covers/9780814735084.jpg",
            "title": "Nachman Krochmal"
        },
        {
            "authorsAndPublisher": "Eisner, Caroline; Vicinus, Martha; University of Michigan Press and University of Michigan Library",
            "isbn": "9780472024445",
            "maximumPageRelevanceScore": "7.0168014",
            "numMatchedPages": 2,
            "thumbnail": "http://localhost/enm/prototypes/search-results/assets/covers/9780472024445.jpg",
            "title": "Originality, Imitation, and Plagiarism"
        },
        {
            "authorsAndPublisher": "Katherine J. Mayberry; York University Press",
            "isbn": "9780814755471",
            "maximumPageRelevanceScore": "6.218126",
            "numMatchedPages": 3,
            "thumbnail": "http://localhost/enm/prototypes/search-results/assets/covers/9780814755471.jpg",
            "title": "Teaching What You’re Not"
        },
        {
            "authorsAndPublisher": "David Mitchell; University of Minnesota Press",
            "isbn": "9780816689972",
            "maximumPageRelevanceScore": "6.218126",
            "numMatchedPages": 8,
            "thumbnail": "http://localhost/enm/prototypes/search-results/assets/covers/9780816689972.jpg",
            "title": "Becoming Human"
        },
        {
            "authorsAndPublisher": "David Kleinbard; New York University Press",
            "isbn": "9780814746677",
            "maximumPageRelevanceScore": "6.042511",
            "numMatchedPages": 1,
            "thumbnail": "http://localhost/enm/prototypes/search-results/assets/covers/9780814746677.jpg",
            "title": "The Beginning of Terror"
        },
        {
            "authorsAndPublisher": "James Darsey; New York University Press",
            "isbn": "9780814718766",
            "maximumPageRelevanceScore": "6.042511",
            "numMatchedPages": 5,
            "thumbnail": "http://localhost/enm/prototypes/search-results/assets/covers/9780814718766.jpg",
            "title": "The Prophetic Tradition and Radical Rhetoric in America"
        },
        {
            "authorsAndPublisher": "Schur, Richard L.; The University of Michigan Press and The University of Michigan Library",
            "isbn": "9780472024490",
            "maximumPageRelevanceScore": "3.9607844",
            "numMatchedPages": 2,
            "thumbnail": "http://localhost/enm/prototypes/search-results/assets/covers/9780472024490.jpg",
            "title": "Parodies of Ownership: Hip-Hop Aesthetics and Intellectual Property Law"
        },
        {
            "authorsAndPublisher": "Mark E. Kann; New York University Press",
            "isbn": "9780814747148",
            "maximumPageRelevanceScore": "3.9607844",
            "numMatchedPages": 3,
            "thumbnail": "http://localhost/enm/prototypes/search-results/assets/covers/9780814747148.jpg",
            "title": "A Republic of Men"
        }
    ],
    "resultsNumBooks": 14,
    "resultsNumPages": 60,
    "searchDCI": "Searching topics for: Plato",
    "searchFulltext": false,
    "searchTopics": true,
    "topicsDCIs": [
    ]
}