{
    "id": "336074805fc853987abe6f7fe3ad97a6a6f3077a16391fec744f671a015fbd7e-fulltext-topics-89445ea08b55421faa49919a5fd272e9a520f701b479d6084847e161ca5b7711",
    "limitByTopics": [
        [
            "values",
            23
        ],
        [
            "routines",
            5
        ],
        [
            "business desk",
            3
        ],
        [
            "immediacy",
            3
        ],
        [
            "participation",
            3
        ],
        [
            "Gray Lady",
            2
        ],
        [
            "Ingrassia, Larry",
            2
        ],
        [
            "Kohut, Heinz",
            2
        ],
        [
            "Page One",
            2
        ],
        [
            "Persona",
            2
        ],
        [
            "Self-regard",
            2
        ],
        [
            "Thompson, Michael",
            2
        ],
        [
            "Twitter",
            2
        ],
        [
            "credit cards",
            2
        ],
        [
            "fresh content",
            2
        ]
    ],
    "query": "time",
    "resultsMetadata": [
        {
            "authorsAndPublisher": "Usher, Nikki; The University of Michigan Press",
            "isbn": "9780472120499",
            "maximumPageRelevanceScore": "3.3327827",
            "numMatchedPages": 11,
            "thumbnail": "http://localhost/enm/prototypes/search-results/assets/covers/9780472120499.jpg",
            "title": "Making News at The New York Times"
        },
        {
            "authorsAndPublisher": "Gabrys, Jennifer; The University of Michigan Press",
            "isbn": "9780472029402",
            "maximumPageRelevanceScore": "2.1663415",
            "numMatchedPages": 7,
            "thumbnail": "http://localhost/enm/prototypes/search-results/assets/covers/9780472029402.jpg",
            "title": "Digital Rubbish: A Natural History of Electronics"
        },
        {
            "authorsAndPublisher": "Stanley A. Renshon; New York University Press",
            "isbn": "9780814774694",
            "maximumPageRelevanceScore": "1.6387407",
            "numMatchedPages": 4,
            "thumbnail": "http://localhost/enm/prototypes/search-results/assets/covers/9780814774694.jpg",
            "title": "The Psychological Assessment of Presidential Candidates"
        },
        {
            "authorsAndPublisher": "Marshall W. Alcorn, Jr.; New York University Press",
            "isbn": "9780814706657",
            "maximumPageRelevanceScore": "1.5084217",
            "numMatchedPages": 1,
            "thumbnail": "http://localhost/enm/prototypes/search-results/assets/covers/9780814706657.jpg",
            "title": "Narcissism and the Literary Libido"
        }
    ],
    "resultsNumBooks": 4,
    "resultsNumPages": 23,
    "searchDCI": "time",
    "searchFulltext": true,
    "searchTopics": true,
    "topicsDCIs": [
        "values"
    ]
}