{
    "id": "8b33ac7a08b69c4eaa7b6356b374834ab34149a962b0a1670661bc0ca35f7638-topics",
    "limitByTopics": [
        [
            "feminism",
            114
        ],
        [
            "Feminism -- lesbian feminists",
            41
        ],
        [
            "class",
            18
        ],
        [
            "New Woman, The",
            17
        ],
        [
            "consumerism / consumer culture",
            17
        ],
        [
            "feminism and gender studies",
            17
        ],
        [
            "Feminist theory -- cultural feminism",
            16
        ],
        [
            "image / image-centered culture",
            16
        ],
        [
            "democracy / democratization",
            15
        ],
        [
            "terrorism / terrorists",
            14
        ],
        [
            "Doyle, Arthur Conan -- Sherlock Holmes",
            13
        ],
        [
            "legal interventionism",
            13
        ],
        [
            "police and policing",
            13
        ],
        [
            "patriarchy",
            12
        ],
        [
            "public sphere",
            12
        ]
    ],
    "query": "feminism",
    "resultsMetadata": [
        {
            "authorsAndPublisher": "Paula C. Rust; New York University Press",
            "isbn": "9780814774458",
            "maximumPageRelevanceScore": "7.584141",
            "numMatchedPages": 62,
            "thumbnail": "http://localhost/enm/prototypes/search-results/assets/covers/9780814774458.jpg",
            "title": "Bisexuality and the Challenge to Lesbian Politics"
        },
        {
            "authorsAndPublisher": "Katherine J. Mayberry; York University Press",
            "isbn": "9780814755471",
            "maximumPageRelevanceScore": "7.5828815",
            "numMatchedPages": 18,
            "thumbnail": "http://localhost/enm/prototypes/search-results/assets/covers/9780814755471.jpg",
            "title": "Teaching What Youâ€™re Not"
        },
        {
            "authorsAndPublisher": "Nancy Levit; New York University Press",
            "isbn": "9780814751213",
            "maximumPageRelevanceScore": "7.5766377",
            "numMatchedPages": 48,
            "thumbnail": "http://localhost/enm/prototypes/search-results/assets/covers/9780814751213.jpg",
            "title": "The Gender Line"
        },
        {
            "authorsAndPublisher": "Elizabeth Carolyn Miller; University of Michigan Press and University of Michigan Library",
            "isbn": "9780472024469",
            "maximumPageRelevanceScore": "7.563909",
            "numMatchedPages": 66,
            "thumbnail": "http://localhost/enm/prototypes/search-results/assets/covers/9780472024469.jpg",
            "title": "Framed: The New Woman Criminal in British Culture at the Fin de Siecle"
        },
        {
            "authorsAndPublisher": "Cary Nelson; New York University Press",
            "isbn": "9780814757970",
            "maximumPageRelevanceScore": "7.3775396",
            "numMatchedPages": 8,
            "thumbnail": "http://localhost/enm/prototypes/search-results/assets/covers/9780814757970.jpg",
            "title": "Manifesto of a Tenured Radical"
        },
        {
            "authorsAndPublisher": "Mark Hertzog; New York University Press",
            "isbn": "9780814735305",
            "maximumPageRelevanceScore": "7.2691593",
            "numMatchedPages": 6,
            "thumbnail": "http://localhost/enm/prototypes/search-results/assets/covers/9780814735305.jpg",
            "title": "The Lavender Vote"
        },
        {
            "authorsAndPublisher": "Peter N. Stearns; New York University Press",
            "isbn": "9780814779965",
            "maximumPageRelevanceScore": "6.9697704",
            "numMatchedPages": 11,
            "thumbnail": "http://localhost/enm/prototypes/search-results/assets/covers/9780814779965.jpg",
            "title": "American Cool"
        },
        {
            "authorsAndPublisher": "Robert M. Seltzer; New York University Press",
            "isbn": "9780814780015",
            "maximumPageRelevanceScore": "6.9536233",
            "numMatchedPages": 21,
            "thumbnail": "http://localhost/enm/prototypes/search-results/assets/covers/9780814780015.jpg",
            "title": "The Americanization of the Jews"
        },
        {
            "authorsAndPublisher": "Kathleen Barry; New york University Press",
            "isbn": "9780814712771",
            "maximumPageRelevanceScore": "6.6027403",
            "numMatchedPages": 10,
            "thumbnail": "http://localhost/enm/prototypes/search-results/assets/covers/9780814712771.jpg",
            "title": "The Prostitution of Sexuality"
        },
        {
            "authorsAndPublisher": "Natalie Clifford Barney, John Spalding Gatton; New York University Press",
            "isbn": "9780814711774",
            "maximumPageRelevanceScore": "6.1693134",
            "numMatchedPages": 4,
            "thumbnail": "http://localhost/enm/prototypes/search-results/assets/covers/9780814711774.jpg",
            "title": "Adventures of the Mind"
        },
        {
            "authorsAndPublisher": "Shackelford, Laura; University of Michigan Press",
            "isbn": "9780472120680",
            "maximumPageRelevanceScore": "6.0192204",
            "numMatchedPages": 23,
            "thumbnail": "http://localhost/enm/prototypes/search-results/assets/covers/9780472120680.jpg",
            "title": "Tactics of the Human: Experimental Technics in American Fiction"
        },
        {
            "authorsAndPublisher": "Daniel Rancour-Laferriere; New York University Press",
            "isbn": "9780814774823",
            "maximumPageRelevanceScore": "6.0192204",
            "numMatchedPages": 4,
            "thumbnail": "http://localhost/enm/prototypes/search-results/assets/covers/9780814774823.jpg",
            "title": "The Slave Soul of Russia"
        },
        {
            "authorsAndPublisher": "Ian Shapiro; New York University Press",
            "isbn": "9780814780978",
            "maximumPageRelevanceScore": "6.0192204",
            "numMatchedPages": 1,
            "thumbnail": "http://localhost/enm/prototypes/search-results/assets/covers/9780814780978.jpg",
            "title": "Integrity and Conscience"
        },
        {
            "authorsAndPublisher": "Keith Beattie; New York University Press",
            "isbn": "9780814713266",
            "maximumPageRelevanceScore": "5.9439945",
            "numMatchedPages": 2,
            "thumbnail": "http://localhost/enm/prototypes/search-results/assets/covers/9780814713266.jpg",
            "title": "The Scar That Binds"
        },
        {
            "authorsAndPublisher": "Ronald Suresh Roberts; New York University Press",
            "isbn": "9780814774816",
            "maximumPageRelevanceScore": "5.5311337",
            "numMatchedPages": 1,
            "thumbnail": "http://localhost/enm/prototypes/search-results/assets/covers/9780814774816.jpg",
            "title": "Clarence Thomas and the Tough Love Crowd"
        },
        {
            "authorsAndPublisher": "Diane Helene Miller; New York University Press",
            "isbn": "9780814755969",
            "maximumPageRelevanceScore": "5.2769036",
            "numMatchedPages": 5,
            "thumbnail": "http://localhost/enm/prototypes/search-results/assets/covers/9780814755969.jpg",
            "title": "Freedom to Differ"
        },
        {
            "authorsAndPublisher": "Jennifer L. Manlowe; New York University Press",
            "isbn": "9780814755297",
            "maximumPageRelevanceScore": "5.2769036",
            "numMatchedPages": 9,
            "thumbnail": "http://localhost/enm/prototypes/search-results/assets/covers/9780814755297.jpg",
            "title": "Faith Born of Seduction"
        },
        {
            "authorsAndPublisher": "Henry Jenkins et al; New York University Press",
            "isbn": "9781479899982",
            "maximumPageRelevanceScore": "5.15719",
            "numMatchedPages": 2,
            "thumbnail": "http://localhost/enm/prototypes/search-results/assets/covers/9781479899982.jpg",
            "title": "By Any Media Necessary"
        },
        {
            "authorsAndPublisher": "Gary Minda; New York University Press",
            "isbn": "9780814755112",
            "maximumPageRelevanceScore": "5.15719",
            "numMatchedPages": 1,
            "thumbnail": "http://localhost/enm/prototypes/search-results/assets/covers/9780814755112.jpg",
            "title": "Postmodern Legal Movements"
        },
        {
            "authorsAndPublisher": "R. Jeffrey Ringer; New York University Press",
            "isbn": "9780814774410",
            "maximumPageRelevanceScore": "3.4878433",
            "numMatchedPages": 2,
            "thumbnail": "http://localhost/enm/prototypes/search-results/assets/covers/9780814774410.jpg",
            "title": "Queer Words, Queer Images: Communication and the Construction of Homosexuality"
        },
        {
            "authorsAndPublisher": "Jenna M. Loyd; University of Minnesota Press",
            "isbn": "9780816676507",
            "maximumPageRelevanceScore": "3.4878433",
            "numMatchedPages": 1,
            "thumbnail": "http://localhost/enm/prototypes/search-results/assets/covers/9780816676507.jpg",
            "title": "Health Rights Are Civil Rights"
        }
    ],
    "resultsNumBooks": 21,
    "resultsNumPages": 305,
    "searchDCI": "Searching topics for: feminism",
    "searchFulltext": false,
    "searchTopics": true,
    "topicsDCIs": [
    ]
}