{
    "id": "8b33ac7a08b69c4eaa7b6356b374834ab34149a962b0a1670661bc0ca35f7638-fulltext",
    "limitByTopics": [
        [
            "feminism",
            62
        ],
        [
            "Feminism -- lesbian feminists",
            22
        ],
        [
            "Brown, Rita Mae",
            17
        ],
        [
            "Women's liberation",
            15
        ],
        [
            "consumerism / consumer culture",
            15
        ],
        [
            "image / image-centered culture",
            15
        ],
        [
            "Heterosexual -- feminists",
            14
        ],
        [
            "Lesbian -- feminist moral imperative to be",
            13
        ],
        [
            "patriarchy",
            13
        ],
        [
            "Feminist theory -- cultural feminism",
            12
        ],
        [
            "Lesbians -- political",
            12
        ],
        [
            "New Woman, The",
            12
        ],
        [
            "Bisexual -- identity, or identification as",
            11
        ],
        [
            "class",
            11
        ],
        [
            "democracy / democratization",
            11
        ]
    ],
    "query": "feminism",
    "resultsMetadata": [
        {
            "authorsAndPublisher": "Nancy Levit; New York University Press",
            "isbn": "9780814751213",
            "maximumPageRelevanceScore": "7.4918275",
            "numMatchedPages": 113,
            "thumbnail": "http://localhost/enm/prototypes/search-results/assets/covers/9780814751213.jpg",
            "title": "The Gender Line"
        },
        {
            "authorsAndPublisher": "Katherine J. Mayberry; York University Press",
            "isbn": "9780814755471",
            "maximumPageRelevanceScore": "7.1049914",
            "numMatchedPages": 52,
            "thumbnail": "http://localhost/enm/prototypes/search-results/assets/covers/9780814755471.jpg",
            "title": "Teaching What You’re Not"
        },
        {
            "authorsAndPublisher": "Paula C. Rust; New York University Press",
            "isbn": "9780814774458",
            "maximumPageRelevanceScore": "7.1049914",
            "numMatchedPages": 93,
            "thumbnail": "http://localhost/enm/prototypes/search-results/assets/covers/9780814774458.jpg",
            "title": "Bisexuality and the Challenge to Lesbian Politics"
        },
        {
            "authorsAndPublisher": "Robert M. Seltzer; New York University Press",
            "isbn": "9780814780015",
            "maximumPageRelevanceScore": "6.7090836",
            "numMatchedPages": 43,
            "thumbnail": "http://localhost/enm/prototypes/search-results/assets/covers/9780814780015.jpg",
            "title": "The Americanization of the Jews"
        },
        {
            "authorsAndPublisher": "Mark Hertzog; New York University Press",
            "isbn": "9780814735305",
            "maximumPageRelevanceScore": "6.6488724",
            "numMatchedPages": 51,
            "thumbnail": "http://localhost/enm/prototypes/search-results/assets/covers/9780814735305.jpg",
            "title": "The Lavender Vote"
        },
        {
            "authorsAndPublisher": "Kathleen Barry; New york University Press",
            "isbn": "9780814712771",
            "maximumPageRelevanceScore": "6.4920316",
            "numMatchedPages": 46,
            "thumbnail": "http://localhost/enm/prototypes/search-results/assets/covers/9780814712771.jpg",
            "title": "The Prostitution of Sexuality"
        },
        {
            "authorsAndPublisher": "Gary Minda; New York University Press",
            "isbn": "9780814755112",
            "maximumPageRelevanceScore": "6.460818",
            "numMatchedPages": 31,
            "thumbnail": "http://localhost/enm/prototypes/search-results/assets/covers/9780814755112.jpg",
            "title": "Postmodern Legal Movements"
        },
        {
            "authorsAndPublisher": "Aimee Carrillo Rowe, Sheena Malhotra, and Kimberlee Pérez; The Regents of the University of Minnesota",
            "isbn": "9781452940397",
            "maximumPageRelevanceScore": "6.3780518",
            "numMatchedPages": 9,
            "thumbnail": "http://localhost/enm/prototypes/search-results/assets/covers/9781452940397.jpg",
            "title": "Answer the Call"
        },
        {
            "authorsAndPublisher": "Anselm Haverkamp; New York University Press",
            "isbn": "9780814735190",
            "maximumPageRelevanceScore": "6.2306395",
            "numMatchedPages": 10,
            "thumbnail": "http://localhost/enm/prototypes/search-results/assets/covers/9780814735190.jpg",
            "title": "Deconstruction is/in America"
        },
        {
            "authorsAndPublisher": "Elizabeth Carolyn Miller; University of Michigan Press and University of Michigan Library",
            "isbn": "9780472024469",
            "maximumPageRelevanceScore": "6.2147317",
            "numMatchedPages": 63,
            "thumbnail": "http://localhost/enm/prototypes/search-results/assets/covers/9780472024469.jpg",
            "title": "Framed: The New Woman Criminal in British Culture at the Fin de Siecle"
        },
        {
            "authorsAndPublisher": "Ellen E. Berry; New York University Press",
            "isbn": "9780814712481",
            "maximumPageRelevanceScore": "6.2147317",
            "numMatchedPages": 39,
            "thumbnail": "http://localhost/enm/prototypes/search-results/assets/covers/9780814712481.jpg",
            "title": "Postcommunism And The Body Politic"
        },
        {
            "authorsAndPublisher": "Bertha Harris; New York University Press",
            "isbn": "9780814735053",
            "maximumPageRelevanceScore": "6.191569",
            "numMatchedPages": 9,
            "thumbnail": "http://localhost/enm/prototypes/search-results/assets/covers/9780814735053.jpg",
            "title": "Lover"
        },
        {
            "authorsAndPublisher": "Cary Nelson; New York University Press",
            "isbn": "9780814757970",
            "maximumPageRelevanceScore": "5.8788524",
            "numMatchedPages": 15,
            "thumbnail": "http://localhost/enm/prototypes/search-results/assets/covers/9780814757970.jpg",
            "title": "Manifesto of a Tenured Radical"
        },
        {
            "authorsAndPublisher": "R. Jeffrey Ringer; New York University Press",
            "isbn": "9780814774410",
            "maximumPageRelevanceScore": "5.5966525",
            "numMatchedPages": 10,
            "thumbnail": "http://localhost/enm/prototypes/search-results/assets/covers/9780814774410.jpg",
            "title": "Queer Words, Queer Images: Communication and the Construction of Homosexuality"
        },
        {
            "authorsAndPublisher": "Diane Helene Miller; New York University Press",
            "isbn": "9780814755969",
            "maximumPageRelevanceScore": "5.576093",
            "numMatchedPages": 15,
            "thumbnail": "http://localhost/enm/prototypes/search-results/assets/covers/9780814755969.jpg",
            "title": "Freedom to Differ"
        },
        {
            "authorsAndPublisher": "Shackelford, Laura; University of Michigan Press",
            "isbn": "9780472120680",
            "maximumPageRelevanceScore": "5.049699",
            "numMatchedPages": 13,
            "thumbnail": "http://localhost/enm/prototypes/search-results/assets/covers/9780472120680.jpg",
            "title": "Tactics of the Human: Experimental Technics in American Fiction"
        },
        {
            "authorsAndPublisher": "Klein, Julie Thompson; University of Michigan Press",
            "isbn": "9780472120932",
            "maximumPageRelevanceScore": "5.0280347",
            "numMatchedPages": 9,
            "thumbnail": "http://localhost/enm/prototypes/search-results/assets/covers/9780472120932.jpg",
            "title": "Interdisciplining Digital Humanities: Boundary Work in an Emerging Field"
        },
        {
            "authorsAndPublisher": "M. Guy Thompson; New York University Press",
            "isbn": "9780814782194",
            "maximumPageRelevanceScore": "5.0280347",
            "numMatchedPages": 1,
            "thumbnail": "http://localhost/enm/prototypes/search-results/assets/covers/9780814782194.jpg",
            "title": "The truth about Freud’s technique"
        },
        {
            "authorsAndPublisher": "Darling-Wolf, Fabienne; University of Michigan Press",
            "isbn": "9780472120796",
            "maximumPageRelevanceScore": "4.9243503",
            "numMatchedPages": 4,
            "thumbnail": "http://localhost/enm/prototypes/search-results/assets/covers/9780472120796.jpg",
            "title": "Imagining the Global: Transnational Media and Popular Culture Beyond East and West"
        },
        {
            "authorsAndPublisher": "Natalie Clifford Barney, John Spalding Gatton; New York University Press",
            "isbn": "9780814711774",
            "maximumPageRelevanceScore": "4.733313",
            "numMatchedPages": 6,
            "thumbnail": "http://localhost/enm/prototypes/search-results/assets/covers/9780814711774.jpg",
            "title": "Adventures of the Mind"
        },
        {
            "authorsAndPublisher": "Yochim, Emily Chivers; The University of Michigan Press and The University of Michigan Library",
            "isbn": "9780472026609",
            "maximumPageRelevanceScore": "4.6281857",
            "numMatchedPages": 10,
            "thumbnail": "http://localhost/enm/prototypes/search-results/assets/covers/9780472026609.jpg",
            "title": "Skate Life: Re-Imagining White Masculinity"
        },
        {
            "authorsAndPublisher": "Barbara Fass Leavy; New York University Press",
            "isbn": "9780814751008",
            "maximumPageRelevanceScore": "4.6281857",
            "numMatchedPages": 2,
            "thumbnail": "http://localhost/enm/prototypes/search-results/assets/covers/9780814751008.jpg",
            "title": "In Search of the Swan Maiden"
        },
        {
            "authorsAndPublisher": "Keith Beattie; New York University Press",
            "isbn": "9780814713266",
            "maximumPageRelevanceScore": "4.6281857",
            "numMatchedPages": 6,
            "thumbnail": "http://localhost/enm/prototypes/search-results/assets/covers/9780814713266.jpg",
            "title": "The Scar That Binds"
        },
        {
            "authorsAndPublisher": "Seth Forman; New York University Press",
            "isbn": "9780814726815",
            "maximumPageRelevanceScore": "4.6281857",
            "numMatchedPages": 3,
            "thumbnail": "http://localhost/enm/prototypes/search-results/assets/covers/9780814726815.jpg",
            "title": "Blacks in the Jewish Mind"
        },
        {
            "authorsAndPublisher": "Jennifer L. Manlowe; New York University Press",
            "isbn": "9780814755297",
            "maximumPageRelevanceScore": "4.6281857",
            "numMatchedPages": 8,
            "thumbnail": "http://localhost/enm/prototypes/search-results/assets/covers/9780814755297.jpg",
            "title": "Faith Born of Seduction"
        },
        {
            "authorsAndPublisher": "Niobe Way; New York University Press",
            "isbn": "9780814793398",
            "maximumPageRelevanceScore": "4.6281857",
            "numMatchedPages": 3,
            "thumbnail": "http://localhost/enm/prototypes/search-results/assets/covers/9780814793398.jpg",
            "title": "Everyday Courage"
        },
        {
            "authorsAndPublisher": "Peter N. Stearns; New York University Press",
            "isbn": "9780814779965",
            "maximumPageRelevanceScore": "4.6281857",
            "numMatchedPages": 10,
            "thumbnail": "http://localhost/enm/prototypes/search-results/assets/covers/9780814779965.jpg",
            "title": "American Cool"
        },
        {
            "authorsAndPublisher": "Jenna M. Loyd; University of Minnesota Press",
            "isbn": "9780816676507",
            "maximumPageRelevanceScore": "4.6281857",
            "numMatchedPages": 15,
            "thumbnail": "http://localhost/enm/prototypes/search-results/assets/covers/9780816676507.jpg",
            "title": "Health Rights Are Civil Rights"
        },
        {
            "authorsAndPublisher": "Kee, Kevin; The University of Michigan Press",
            "isbn": "9780472120482",
            "maximumPageRelevanceScore": "4.287771",
            "numMatchedPages": 1,
            "thumbnail": "http://localhost/enm/prototypes/search-results/assets/covers/9780472120482.jpg",
            "title": "Pastplay: Teaching and Learning History with Technology"
        },
        {
            "authorsAndPublisher": "Ruth Colker; New York University Press",
            "isbn": "9780814715383",
            "maximumPageRelevanceScore": "4.287771",
            "numMatchedPages": 4,
            "thumbnail": "http://localhost/enm/prototypes/search-results/assets/covers/9780814715383.jpg",
            "title": "Hybrid"
        },
        {
            "authorsAndPublisher": "Jody David Armour; New york University Press",
            "isbn": "9780814706404",
            "maximumPageRelevanceScore": "4.287771",
            "numMatchedPages": 1,
            "thumbnail": "http://localhost/enm/prototypes/search-results/assets/covers/9780814706404.jpg",
            "title": "Negrophobia and Reasonable Racism"
        },
        {
            "authorsAndPublisher": "Robert L. Hayman; New York University Press",
            "isbn": "9780814735336",
            "maximumPageRelevanceScore": "4.287771",
            "numMatchedPages": 2,
            "thumbnail": "http://localhost/enm/prototypes/search-results/assets/covers/9780814735336.jpg",
            "title": "The Smart Culture"
        },
        {
            "authorsAndPublisher": "Paul Harris; New York University",
            "isbn": "9780814735923",
            "maximumPageRelevanceScore": "4.287771",
            "numMatchedPages": 1,
            "thumbnail": "http://localhost/enm/prototypes/search-results/assets/covers/9780814735923.jpg",
            "title": "Black Rage Confronts the Law"
        },
        {
            "authorsAndPublisher": "Gabrys, Jennifer; The University of Michigan Press",
            "isbn": "9780472029402",
            "maximumPageRelevanceScore": "4.1230106",
            "numMatchedPages": 3,
            "thumbnail": "http://localhost/enm/prototypes/search-results/assets/covers/9780472029402.jpg",
            "title": "Digital Rubbish: A Natural History of Electronics"
        },
        {
            "authorsAndPublisher": "Henry Jenkins et al; New York University Press",
            "isbn": "9781479899982",
            "maximumPageRelevanceScore": "4.1230106",
            "numMatchedPages": 5,
            "thumbnail": "http://localhost/enm/prototypes/search-results/assets/covers/9781479899982.jpg",
            "title": "By Any Media Necessary"
        },
        {
            "authorsAndPublisher": "Bonnie A. Nardi; The University of Michigan Press",
            "isbn": "9780472026715",
            "maximumPageRelevanceScore": "3.6545076",
            "numMatchedPages": 3,
            "thumbnail": "http://localhost/enm/prototypes/search-results/assets/covers/9780472026715.jpg",
            "title": "My Life as a Night Elf Priest"
        },
        {
            "authorsAndPublisher": "Michael Bérubé; New York University Press",
            "isbn": "9780814713013",
            "maximumPageRelevanceScore": "3.6545076",
            "numMatchedPages": 9,
            "thumbnail": "http://localhost/enm/prototypes/search-results/assets/covers/9780814713013.jpg",
            "title": "The Employment of English"
        },
        {
            "authorsAndPublisher": "Robert Rogers; New york University Press",
            "isbn": "9780814774434",
            "maximumPageRelevanceScore": "3.6545076",
            "numMatchedPages": 1,
            "thumbnail": "http://localhost/enm/prototypes/search-results/assets/covers/9780814774434.jpg",
            "title": "Self and Other"
        },
        {
            "authorsAndPublisher": "David Kleinbard; New York University Press",
            "isbn": "9780814746677",
            "maximumPageRelevanceScore": "3.6545076",
            "numMatchedPages": 2,
            "thumbnail": "http://localhost/enm/prototypes/search-results/assets/covers/9780814746677.jpg",
            "title": "The Beginning of Terror"
        },
        {
            "authorsAndPublisher": "Ruth Colker; New York University Press",
            "isbn": "9780814715635",
            "maximumPageRelevanceScore": "3.6545076",
            "numMatchedPages": 2,
            "thumbnail": "http://localhost/enm/prototypes/search-results/assets/covers/9780814715635.jpg",
            "title": "American Law in the Age of Hypercapitalism"
        },
        {
            "authorsAndPublisher": "Martha Grace Duncan; New York University Press",
            "isbn": "9780814718803",
            "maximumPageRelevanceScore": "3.6545076",
            "numMatchedPages": 2,
            "thumbnail": "http://localhost/enm/prototypes/search-results/assets/covers/9780814718803.jpg",
            "title": "Romantic Outlaws, Beloved Prisons"
        },
        {
            "authorsAndPublisher": "Richard K. Vedder and Lowell E. Gallaway; New York University Press",
            "isbn": "9780814787922",
            "maximumPageRelevanceScore": "3.6545076",
            "numMatchedPages": 1,
            "thumbnail": "http://localhost/enm/prototypes/search-results/assets/covers/9780814787922.jpg",
            "title": "Out of Work"
        },
        {
            "authorsAndPublisher": "Ian Shapiro; New York University Press",
            "isbn": "9780814780978",
            "maximumPageRelevanceScore": "3.6545076",
            "numMatchedPages": 2,
            "thumbnail": "http://localhost/enm/prototypes/search-results/assets/covers/9780814780978.jpg",
            "title": "Integrity and Conscience"
        },
        {
            "authorsAndPublisher": "Christina Gerken; University of Minnesota Press",
            "isbn": "9780816686353",
            "maximumPageRelevanceScore": "3.6545076",
            "numMatchedPages": 5,
            "thumbnail": "http://localhost/enm/prototypes/search-results/assets/covers/9780816686353.jpg",
            "title": "Model Immigrants and Undesirable Aliens"
        },
        {
            "authorsAndPublisher": "Stephen M. Feldman.; New York University Press",
            "isbn": "9780814726846",
            "maximumPageRelevanceScore": "3.4910474",
            "numMatchedPages": 7,
            "thumbnail": "http://localhost/enm/prototypes/search-results/assets/covers/9780814726846.jpg",
            "title": "Please don’t Wish me a Merry Christmas"
        },
        {
            "authorsAndPublisher": "Schur, Richard L.; The University of Michigan Press and The University of Michigan Library",
            "isbn": "9780472024490",
            "maximumPageRelevanceScore": "3.2467563",
            "numMatchedPages": 2,
            "thumbnail": "http://localhost/enm/prototypes/search-results/assets/covers/9780472024490.jpg",
            "title": "Parodies of Ownership: Hip-Hop Aesthetics and Intellectual Property Law"
        },
        {
            "authorsAndPublisher": "Dougherty, Jack; Nawrotzki, Kristen; The University of Michigan Press",
            "isbn": "9780472029914",
            "maximumPageRelevanceScore": "3.2467563",
            "numMatchedPages": 3,
            "thumbnail": "http://localhost/enm/prototypes/search-results/assets/covers/9780472029914.jpg",
            "title": "Writing History in the Digital Age"
        },
        {
            "authorsAndPublisher": "Daniel Rancour-Laferriere; New York University Press",
            "isbn": "9780814774823",
            "maximumPageRelevanceScore": "3.2467563",
            "numMatchedPages": 2,
            "thumbnail": "http://localhost/enm/prototypes/search-results/assets/covers/9780814774823.jpg",
            "title": "The Slave Soul of Russia"
        },
        {
            "authorsAndPublisher": "John Marshall; New York University Press",
            "isbn": "9780814731437",
            "maximumPageRelevanceScore": "3.2467563",
            "numMatchedPages": 1,
            "thumbnail": "http://localhost/enm/prototypes/search-results/assets/covers/9780814731437.jpg",
            "title": "Seriatim"
        },
        {
            "authorsAndPublisher": "John W. Chapman; New York University Press",
            "isbn": "9780814714539",
            "maximumPageRelevanceScore": "3.2467563",
            "numMatchedPages": 2,
            "thumbnail": "http://localhost/enm/prototypes/search-results/assets/covers/9780814714539.jpg",
            "title": "Compensatory Justice"
        },
        {
            "authorsAndPublisher": "Mark E. Kann; New York University Press",
            "isbn": "9780814747148",
            "maximumPageRelevanceScore": "3.2467563",
            "numMatchedPages": 5,
            "thumbnail": "http://localhost/enm/prototypes/search-results/assets/covers/9780814747148.jpg",
            "title": "A Republic of Men"
        },
        {
            "authorsAndPublisher": "Pearl M. Oliner; New York University Press",
            "isbn": "9780814761908",
            "maximumPageRelevanceScore": "3.2467563",
            "numMatchedPages": 1,
            "thumbnail": "http://localhost/enm/prototypes/search-results/assets/covers/9780814761908.jpg",
            "title": "Embracing the Other"
        },
        {
            "authorsAndPublisher": "Stanley A. Renshon; New York University Press",
            "isbn": "9780814774632",
            "maximumPageRelevanceScore": "3.2467563",
            "numMatchedPages": 2,
            "thumbnail": "http://localhost/enm/prototypes/search-results/assets/covers/9780814774632.jpg",
            "title": "High Hopes"
        },
        {
            "authorsAndPublisher": "Ronald Suresh Roberts; New York University Press",
            "isbn": "9780814774816",
            "maximumPageRelevanceScore": "3.2467563",
            "numMatchedPages": 4,
            "thumbnail": "http://localhost/enm/prototypes/search-results/assets/covers/9780814774816.jpg",
            "title": "Clarence Thomas and the Tough Love Crowd"
        },
        {
            "authorsAndPublisher": "Matthew A. Taylor; University of Minnesota Press",
            "isbn": "9780816680610",
            "maximumPageRelevanceScore": "3.2467563",
            "numMatchedPages": 2,
            "thumbnail": "http://localhost/enm/prototypes/search-results/assets/covers/9780816680610.jpg",
            "title": "Universes without Us"
        },
        {
            "authorsAndPublisher": "charles b.craver; New York University Press",
            "isbn": "9780814715123",
            "maximumPageRelevanceScore": "2.770487",
            "numMatchedPages": 1,
            "thumbnail": "http://localhost/enm/prototypes/search-results/assets/covers/9780814715123.jpg",
            "title": "Can Unions Survive?"
        }
    ],
    "resultsNumBooks": 56,
    "resultsNumPages": 765,
    "searchDCI": "Searching full texts for: feminism",
    "searchFulltext": true,
    "searchTopics": false,
    "topicsDCIs": [
    ]
}