{
    "*" : {
        "resultsPane" : {
            "numPages" : 30793,
            "numBooks" : 104
        }
    }
}
