{
    "barChartData": [
        {
            "height": "43",
            "page": "vii",
            "stroke": "black",
            "width": "4",
            "x": "22",
            "y": "147"
        },
        {
            "height": "40",
            "page": "x",
            "stroke": "black",
            "width": "4",
            "x": "26",
            "y": "150"
        },
        {
            "height": "28",
            "page": "xi",
            "stroke": "black",
            "width": "4",
            "x": "30",
            "y": "162"
        },
        {
            "height": "43",
            "page": "xii",
            "stroke": "black",
            "width": "4",
            "x": "34",
            "y": "147"
        },
        {
            "height": "31",
            "page": "xiii",
            "stroke": "black",
            "width": "4",
            "x": "38",
            "y": "159"
        },
        {
            "height": "51",
            "page": "3",
            "stroke": "black",
            "width": "4",
            "x": "42",
            "y": "139"
        },
        {
            "height": "173",
            "page": "4",
            "stroke": "black",
            "width": "4",
            "x": "46",
            "y": "17"
        },
        {
            "height": "49",
            "page": "6",
            "stroke": "black",
            "width": "4",
            "x": "50",
            "y": "141"
        },
        {
            "height": "28",
            "page": "7",
            "stroke": "black",
            "width": "4",
            "x": "54",
            "y": "162"
        },
        {
            "height": "43",
            "page": "9",
            "stroke": "black",
            "width": "4",
            "x": "58",
            "y": "147"
        },
        {
            "height": "40",
            "page": "10",
            "stroke": "black",
            "width": "4",
            "x": "62",
            "y": "150"
        },
        {
            "height": "28",
            "page": "14",
            "stroke": "black",
            "width": "4",
            "x": "66",
            "y": "162"
        },
        {
            "height": "51",
            "page": "16",
            "stroke": "black",
            "width": "4",
            "x": "70",
            "y": "139"
        },
        {
            "height": "35",
            "page": "18",
            "stroke": "black",
            "width": "4",
            "x": "74",
            "y": "155"
        },
        {
            "height": "49",
            "page": "20",
            "stroke": "black",
            "width": "4",
            "x": "78",
            "y": "141"
        },
        {
            "height": "31",
            "page": "23",
            "stroke": "black",
            "width": "4",
            "x": "82",
            "y": "159"
        },
        {
            "height": "40",
            "page": "25",
            "stroke": "black",
            "width": "4",
            "x": "86",
            "y": "150"
        },
        {
            "height": "40",
            "page": "32",
            "stroke": "black",
            "width": "4",
            "x": "90",
            "y": "150"
        },
        {
            "height": "35",
            "page": "34",
            "stroke": "black",
            "width": "4",
            "x": "94",
            "y": "155"
        },
        {
            "height": "55",
            "page": "36",
            "stroke": "black",
            "width": "4",
            "x": "98",
            "y": "135"
        },
        {
            "height": "48",
            "page": "38",
            "stroke": "black",
            "width": "4",
            "x": "102",
            "y": "142"
        },
        {
            "height": "28",
            "page": "39",
            "stroke": "black",
            "width": "4",
            "x": "106",
            "y": "162"
        },
        {
            "height": "31",
            "page": "46",
            "stroke": "black",
            "width": "4",
            "x": "110",
            "y": "159"
        },
        {
            "height": "28",
            "page": "47",
            "stroke": "black",
            "width": "4",
            "x": "114",
            "y": "162"
        },
        {
            "height": "28",
            "page": "48",
            "stroke": "black",
            "width": "4",
            "x": "118",
            "y": "162"
        },
        {
            "height": "28",
            "page": "49",
            "stroke": "black",
            "width": "4",
            "x": "122",
            "y": "162"
        },
        {
            "height": "28",
            "page": "50",
            "stroke": "black",
            "width": "4",
            "x": "126",
            "y": "162"
        },
        {
            "height": "190",
            "page": "55",
            "stroke": "black",
            "width": "4",
            "x": "130",
            "y": "0"
        },
        {
            "height": "28",
            "page": "59",
            "stroke": "black",
            "width": "4",
            "x": "134",
            "y": "162"
        },
        {
            "height": "24",
            "page": "62",
            "stroke": "black",
            "width": "4",
            "x": "138",
            "y": "166"
        },
        {
            "height": "37",
            "page": "64",
            "stroke": "black",
            "width": "4",
            "x": "142",
            "y": "153"
        },
        {
            "height": "28",
            "page": "70",
            "stroke": "black",
            "width": "4",
            "x": "146",
            "y": "162"
        },
        {
            "height": "40",
            "page": "75",
            "stroke": "black",
            "width": "4",
            "x": "150",
            "y": "150"
        },
        {
            "height": "31",
            "page": "80",
            "stroke": "black",
            "width": "4",
            "x": "154",
            "y": "159"
        },
        {
            "height": "28",
            "page": "82",
            "stroke": "black",
            "width": "4",
            "x": "158",
            "y": "162"
        },
        {
            "height": "28",
            "page": "87",
            "stroke": "black",
            "width": "4",
            "x": "162",
            "y": "162"
        },
        {
            "height": "28",
            "page": "89",
            "stroke": "black",
            "width": "4",
            "x": "166",
            "y": "162"
        },
        {
            "height": "28",
            "page": "91",
            "stroke": "black",
            "width": "4",
            "x": "170",
            "y": "162"
        },
        {
            "height": "28",
            "page": "93",
            "stroke": "black",
            "width": "4",
            "x": "174",
            "y": "162"
        },
        {
            "height": "28",
            "page": "96",
            "stroke": "black",
            "width": "4",
            "x": "178",
            "y": "162"
        },
        {
            "height": "28",
            "page": "100",
            "stroke": "black",
            "width": "4",
            "x": "182",
            "y": "162"
        },
        {
            "height": "24",
            "page": "106",
            "stroke": "black",
            "width": "4",
            "x": "186",
            "y": "166"
        },
        {
            "height": "28",
            "page": "117",
            "stroke": "black",
            "width": "4",
            "x": "190",
            "y": "162"
        },
        {
            "height": "28",
            "page": "119",
            "stroke": "black",
            "width": "4",
            "x": "194",
            "y": "162"
        },
        {
            "height": "28",
            "page": "120",
            "stroke": "black",
            "width": "4",
            "x": "198",
            "y": "162"
        },
        {
            "height": "28",
            "page": "121",
            "stroke": "black",
            "width": "4",
            "x": "202",
            "y": "162"
        },
        {
            "height": "31",
            "page": "122",
            "stroke": "black",
            "width": "4",
            "x": "206",
            "y": "159"
        },
        {
            "height": "28",
            "page": "129",
            "stroke": "black",
            "width": "4",
            "x": "210",
            "y": "162"
        },
        {
            "height": "35",
            "page": "130",
            "stroke": "black",
            "width": "4",
            "x": "214",
            "y": "155"
        },
        {
            "height": "28",
            "page": "131",
            "stroke": "black",
            "width": "4",
            "x": "218",
            "y": "162"
        },
        {
            "height": "40",
            "page": "132",
            "stroke": "black",
            "width": "4",
            "x": "222",
            "y": "150"
        },
        {
            "height": "24",
            "page": "135",
            "stroke": "black",
            "width": "4",
            "x": "226",
            "y": "166"
        },
        {
            "height": "43",
            "page": "136",
            "stroke": "black",
            "width": "4",
            "x": "230",
            "y": "147"
        },
        {
            "height": "28",
            "page": "138",
            "stroke": "black",
            "width": "4",
            "x": "234",
            "y": "162"
        },
        {
            "height": "35",
            "page": "139",
            "stroke": "black",
            "width": "4",
            "x": "238",
            "y": "155"
        },
        {
            "height": "37",
            "page": "140",
            "stroke": "black",
            "width": "4",
            "x": "242",
            "y": "153"
        },
        {
            "height": "28",
            "page": "143",
            "stroke": "black",
            "width": "4",
            "x": "246",
            "y": "162"
        },
        {
            "height": "28",
            "page": "144",
            "stroke": "black",
            "width": "4",
            "x": "250",
            "y": "162"
        },
        {
            "height": "40",
            "page": "146",
            "stroke": "black",
            "width": "4",
            "x": "254",
            "y": "150"
        },
        {
            "height": "43",
            "page": "150",
            "stroke": "black",
            "width": "4",
            "x": "258",
            "y": "147"
        },
        {
            "height": "31",
            "page": "152",
            "stroke": "black",
            "width": "4",
            "x": "262",
            "y": "159"
        },
        {
            "height": "28",
            "page": "158",
            "stroke": "black",
            "width": "4",
            "x": "266",
            "y": "162"
        },
        {
            "height": "46",
            "page": "160",
            "stroke": "black",
            "width": "4",
            "x": "270",
            "y": "144"
        },
        {
            "height": "28",
            "page": "161",
            "stroke": "black",
            "width": "4",
            "x": "274",
            "y": "162"
        },
        {
            "height": "40",
            "page": "162",
            "stroke": "black",
            "width": "4",
            "x": "278",
            "y": "150"
        },
        {
            "height": "24",
            "page": "164",
            "stroke": "black",
            "width": "4",
            "x": "282",
            "y": "166"
        },
        {
            "height": "35",
            "page": "169",
            "stroke": "black",
            "width": "4",
            "x": "286",
            "y": "155"
        },
        {
            "height": "43",
            "page": "176",
            "stroke": "black",
            "width": "4",
            "x": "290",
            "y": "147"
        },
        {
            "height": "28",
            "page": "177",
            "stroke": "black",
            "width": "4",
            "x": "294",
            "y": "162"
        },
        {
            "height": "28",
            "page": "178",
            "stroke": "black",
            "width": "4",
            "x": "298",
            "y": "162"
        },
        {
            "height": "28",
            "page": "180",
            "stroke": "black",
            "width": "4",
            "x": "302",
            "y": "162"
        },
        {
            "height": "35",
            "page": "182",
            "stroke": "black",
            "width": "4",
            "x": "306",
            "y": "155"
        },
        {
            "height": "41",
            "page": "185",
            "stroke": "black",
            "width": "4",
            "x": "310",
            "y": "149"
        },
        {
            "height": "28",
            "page": "186",
            "stroke": "black",
            "width": "4",
            "x": "314",
            "y": "162"
        },
        {
            "height": "31",
            "page": "187",
            "stroke": "black",
            "width": "4",
            "x": "318",
            "y": "159"
        },
        {
            "height": "28",
            "page": "197",
            "stroke": "black",
            "width": "4",
            "x": "322",
            "y": "162"
        },
        {
            "height": "37",
            "page": "199",
            "stroke": "black",
            "width": "4",
            "x": "326",
            "y": "153"
        },
        {
            "height": "42",
            "page": "201",
            "stroke": "black",
            "width": "4",
            "x": "330",
            "y": "148"
        },
        {
            "height": "24",
            "page": "207",
            "stroke": "black",
            "width": "4",
            "x": "334",
            "y": "166"
        },
        {
            "height": "48",
            "page": "209",
            "stroke": "black",
            "width": "4",
            "x": "338",
            "y": "142"
        },
        {
            "height": "31",
            "page": "210",
            "stroke": "black",
            "width": "4",
            "x": "342",
            "y": "159"
        },
        {
            "height": "31",
            "page": "214",
            "stroke": "black",
            "width": "4",
            "x": "346",
            "y": "159"
        },
        {
            "height": "28",
            "page": "216",
            "stroke": "black",
            "width": "4",
            "x": "350",
            "y": "162"
        },
        {
            "height": "24",
            "page": "217",
            "stroke": "black",
            "width": "4",
            "x": "354",
            "y": "166"
        },
        {
            "height": "28",
            "page": "219",
            "stroke": "black",
            "width": "4",
            "x": "358",
            "y": "162"
        },
        {
            "height": "28",
            "page": "227",
            "stroke": "black",
            "width": "4",
            "x": "362",
            "y": "162"
        },
        {
            "height": "28",
            "page": "228",
            "stroke": "black",
            "width": "4",
            "x": "366",
            "y": "162"
        },
        {
            "height": "24",
            "page": "230",
            "stroke": "black",
            "width": "4",
            "x": "370",
            "y": "166"
        },
        {
            "height": "40",
            "page": "233",
            "stroke": "black",
            "width": "4",
            "x": "374",
            "y": "150"
        },
        {
            "height": "46",
            "page": "236",
            "stroke": "black",
            "width": "4",
            "x": "378",
            "y": "144"
        },
        {
            "height": "28",
            "page": "237",
            "stroke": "black",
            "width": "4",
            "x": "382",
            "y": "162"
        },
        {
            "height": "40",
            "page": "238",
            "stroke": "black",
            "width": "4",
            "x": "386",
            "y": "150"
        },
        {
            "height": "48",
            "page": "246",
            "stroke": "black",
            "width": "4",
            "x": "390",
            "y": "142"
        },
        {
            "height": "42",
            "page": "248",
            "stroke": "black",
            "width": "4",
            "x": "394",
            "y": "148"
        },
        {
            "height": "28",
            "page": "250",
            "stroke": "black",
            "width": "4",
            "x": "398",
            "y": "162"
        },
        {
            "height": "37",
            "page": "251",
            "stroke": "black",
            "width": "4",
            "x": "402",
            "y": "153"
        },
        {
            "height": "28",
            "page": "252",
            "stroke": "black",
            "width": "4",
            "x": "406",
            "y": "162"
        },
        {
            "height": "46",
            "page": "253",
            "stroke": "black",
            "width": "4",
            "x": "410",
            "y": "144"
        },
        {
            "height": "28",
            "page": "255",
            "stroke": "black",
            "width": "4",
            "x": "414",
            "y": "162"
        },
        {
            "height": "28",
            "page": "257",
            "stroke": "black",
            "width": "4",
            "x": "418",
            "y": "162"
        },
        {
            "height": "28",
            "page": "258",
            "stroke": "black",
            "width": "4",
            "x": "422",
            "y": "162"
        },
        {
            "height": "40",
            "page": "262",
            "stroke": "black",
            "width": "4",
            "x": "426",
            "y": "150"
        },
        {
            "height": "28",
            "page": "264",
            "stroke": "black",
            "width": "4",
            "x": "430",
            "y": "162"
        },
        {
            "height": "35",
            "page": "265",
            "stroke": "black",
            "width": "4",
            "x": "434",
            "y": "155"
        },
        {
            "height": "54",
            "page": "268",
            "stroke": "black",
            "width": "4",
            "x": "438",
            "y": "136"
        },
        {
            "height": "40",
            "page": "269",
            "stroke": "black",
            "width": "4",
            "x": "442",
            "y": "150"
        },
        {
            "height": "53",
            "page": "271",
            "stroke": "black",
            "width": "4",
            "x": "446",
            "y": "137"
        },
        {
            "height": "51",
            "page": "273",
            "stroke": "black",
            "width": "4",
            "x": "450",
            "y": "139"
        },
        {
            "height": "43",
            "page": "274",
            "stroke": "black",
            "width": "4",
            "x": "454",
            "y": "147"
        },
        {
            "height": "28",
            "page": "280",
            "stroke": "black",
            "width": "4",
            "x": "458",
            "y": "162"
        },
        {
            "height": "40",
            "page": "281",
            "stroke": "black",
            "width": "4",
            "x": "462",
            "y": "150"
        },
        {
            "height": "31",
            "page": "282",
            "stroke": "black",
            "width": "4",
            "x": "466",
            "y": "159"
        },
        {
            "height": "37",
            "page": "288",
            "stroke": "black",
            "width": "4",
            "x": "470",
            "y": "153"
        },
        {
            "height": "40",
            "page": "291",
            "stroke": "black",
            "width": "4",
            "x": "474",
            "y": "150"
        },
        {
            "height": "138",
            "page": "292",
            "stroke": "black",
            "width": "4",
            "x": "478",
            "y": "52"
        },
        {
            "height": "40",
            "page": "293",
            "stroke": "black",
            "width": "4",
            "x": "482",
            "y": "150"
        },
        {
            "height": "28",
            "page": "295",
            "stroke": "black",
            "width": "4",
            "x": "486",
            "y": "162"
        },
        {
            "height": "37",
            "page": "298",
            "stroke": "black",
            "width": "4",
            "x": "490",
            "y": "153"
        },
        {
            "height": "31",
            "page": "302",
            "stroke": "black",
            "width": "4",
            "x": "494",
            "y": "159"
        },
        {
            "height": "28",
            "page": "305",
            "stroke": "black",
            "width": "4",
            "x": "498",
            "y": "162"
        },
        {
            "height": "31",
            "page": "313",
            "stroke": "black",
            "width": "4",
            "x": "502",
            "y": "159"
        },
        {
            "height": "54",
            "page": "315",
            "stroke": "black",
            "width": "4",
            "x": "506",
            "y": "136"
        },
        {
            "height": "28",
            "page": "316",
            "stroke": "black",
            "width": "4",
            "x": "510",
            "y": "162"
        },
        {
            "height": "48",
            "page": "319",
            "stroke": "black",
            "width": "4",
            "x": "514",
            "y": "142"
        },
        {
            "height": "31",
            "page": "320",
            "stroke": "black",
            "width": "4",
            "x": "518",
            "y": "159"
        },
        {
            "height": "43",
            "page": "321",
            "stroke": "black",
            "width": "4",
            "x": "522",
            "y": "147"
        },
        {
            "height": "37",
            "page": "337",
            "stroke": "black",
            "width": "4",
            "x": "526",
            "y": "153"
        },
        {
            "height": "48",
            "page": "339",
            "stroke": "black",
            "width": "4",
            "x": "530",
            "y": "142"
        },
        {
            "height": "40",
            "page": "340",
            "stroke": "black",
            "width": "4",
            "x": "534",
            "y": "150"
        },
        {
            "height": "31",
            "page": "341",
            "stroke": "black",
            "width": "4",
            "x": "538",
            "y": "159"
        },
        {
            "height": "31",
            "page": "346",
            "stroke": "black",
            "width": "4",
            "x": "542",
            "y": "159"
        },
        {
            "height": "19",
            "page": "387",
            "stroke": "black",
            "width": "4",
            "x": "546",
            "y": "171"
        }
    ],
    "id": "336074805fc853987abe6f7fe3ad97a6a6f3077a16391fec744f671a015fbd7e-fulltext-topics-9780814787922-vii",
    "isbn": "9780814787922",
    "pageNumber": "vii",
    "pageText": "Contents Foreword by Martin Bronfenbrenner Preface to the Updated Edition Preface to the First Edition 1   The Unemployment Century 2   Unemployment in Theory 3   The Neoclassical/Austrian Approach: An Overview 4   The Gilded Age 5   From New Era to New Deal 6   The Banking Crisis and the Labor Market 7   The New Deal 8   The Impossible Dream Come True 9   The Gentle Time 10   The Camelot Years 11   “Pride Goeth Before a Fall” 12   The Winds of Change 13   The Natural Rate of Unemployment 14   Who Bears the Burden of Unemployment? 15   Unemployment and the State 16   Afterword Appendix A Appendix B Bibliography Index About the Authors",
    "pageTextHighlights": [
        "Time"
    ],
    "query": "time",
    "searchFulltext": true,
    "searchTopics": true,
    "title": "Out of Work",
    "topicsOnThisPageHighlights": [
    ]
}