{
    "id": "336074805fc853987abe6f7fe3ad97a6a6f3077a16391fec744f671a015fbd7e-topics",
    "limitByTopics": [
        [
            "Time magazine",
            18
        ],
        [
            "Bioinformatics -- evolutionary time and becoming",
            7
        ],
        [
            "timing",
            7
        ],
        [
            "Manhood -- and time",
            6
        ],
        [
            "time -- scales of",
            6
        ],
        [
            "time-space",
            6
        ],
        [
            "Baldwin, James: The Fire Next Time",
            5
        ],
        [
            "Intersex/intersexualities",
            5
        ],
        [
            "par time",
            5
        ],
        [
            "time -- temporality and",
            5
        ],
        [
            "Grammar of Manhood -- rules of",
            4
        ],
        [
            "Manhood -- and space",
            4
        ],
        [
            "Newsweek",
            4
        ],
        [
            "anthropocentrism",
            4
        ],
        [
            "embryology -- time to development",
            4
        ]
    ],
    "query": "time",
    "resultsMetadata": [
        {
            "authorsAndPublisher": "David Mitchell; University of Minnesota Press",
            "isbn": "9780816689972",
            "maximumPageRelevanceScore": "8.142001",
            "numMatchedPages": 25,
            "thumbnail": "http://localhost/enm/search/assets/covers/9780816689972.jpg",
            "title": "Becoming Human"
        },
        {
            "authorsAndPublisher": "Keith Beattie; New York University Press",
            "isbn": "9780814713266",
            "maximumPageRelevanceScore": "8.142001",
            "numMatchedPages": 15,
            "thumbnail": "http://localhost/enm/search/assets/covers/9780814713266.jpg",
            "title": "The Scar That Binds"
        },
        {
            "authorsAndPublisher": "Seth Forman; New York University Press",
            "isbn": "9780814726815",
            "maximumPageRelevanceScore": "7.713241",
            "numMatchedPages": 5,
            "thumbnail": "http://localhost/enm/search/assets/covers/9780814726815.jpg",
            "title": "Blacks in the Jewish Mind"
        },
        {
            "authorsAndPublisher": "Wolf, Mark J. P.; The University of Michigan Press",
            "isbn": "9780472027491",
            "maximumPageRelevanceScore": "7.5166655",
            "numMatchedPages": 4,
            "thumbnail": "http://localhost/enm/search/assets/covers/9780472027491.jpg",
            "title": "Myst and Riven: The World of the D'ni"
        },
        {
            "authorsAndPublisher": "Richard K. Vedder and Lowell E. Gallaway; New York University Press",
            "isbn": "9780814787922",
            "maximumPageRelevanceScore": "7.2069173",
            "numMatchedPages": 3,
            "thumbnail": "http://localhost/enm/search/assets/covers/9780814787922.jpg",
            "title": "Out of Work"
        },
        {
            "authorsAndPublisher": "Henry Jenkins et al; New York University Press",
            "isbn": "9781479899982",
            "maximumPageRelevanceScore": "7.03158",
            "numMatchedPages": 3,
            "thumbnail": "http://localhost/enm/search/assets/covers/9781479899982.jpg",
            "title": "By Any Media Necessary"
        },
        {
            "authorsAndPublisher": "Usher, Nikki; The University of Michigan Press",
            "isbn": "9780472120499",
            "maximumPageRelevanceScore": "7.03158",
            "numMatchedPages": 5,
            "thumbnail": "http://localhost/enm/search/assets/covers/9780472120499.jpg",
            "title": "Making News at The New York Times"
        },
        {
            "authorsAndPublisher": "James Darsey; New York University Press",
            "isbn": "9780814718766",
            "maximumPageRelevanceScore": "7.03158",
            "numMatchedPages": 1,
            "thumbnail": "http://localhost/enm/search/assets/covers/9780814718766.jpg",
            "title": "The Prophetic Tradition and Radical Rhetoric in America"
        },
        {
            "authorsAndPublisher": "Marshall W. Alcorn, Jr.; New York University Press",
            "isbn": "9780814706657",
            "maximumPageRelevanceScore": "6.93966",
            "numMatchedPages": 2,
            "thumbnail": "http://localhost/enm/search/assets/covers/9780814706657.jpg",
            "title": "Narcissism and the Literary Libido"
        },
        {
            "authorsAndPublisher": "Martha Grace Duncan; New York University Press",
            "isbn": "9780814718803",
            "maximumPageRelevanceScore": "6.93966",
            "numMatchedPages": 3,
            "thumbnail": "http://localhost/enm/search/assets/covers/9780814718803.jpg",
            "title": "Romantic Outlaws, Beloved Prisons"
        },
        {
            "authorsAndPublisher": "Mark Hertzog; New York University Press",
            "isbn": "9780814735305",
            "maximumPageRelevanceScore": "6.93966",
            "numMatchedPages": 1,
            "thumbnail": "http://localhost/enm/search/assets/covers/9780814735305.jpg",
            "title": "The Lavender Vote"
        },
        {
            "authorsAndPublisher": "Jay M. Harris; New York University Press",
            "isbn": "9780814735084",
            "maximumPageRelevanceScore": "6.564586",
            "numMatchedPages": 4,
            "thumbnail": "http://localhost/enm/search/assets/covers/9780814735084.jpg",
            "title": "Nachman Krochmal"
        },
        {
            "authorsAndPublisher": "Michael Bérubé; New York University Press",
            "isbn": "9780814713013",
            "maximumPageRelevanceScore": "6.564586",
            "numMatchedPages": 2,
            "thumbnail": "http://localhost/enm/search/assets/covers/9780814713013.jpg",
            "title": "The Employment of English"
        },
        {
            "authorsAndPublisher": "Shackelford, Laura; University of Michigan Press",
            "isbn": "9780472120680",
            "maximumPageRelevanceScore": "6.540097",
            "numMatchedPages": 11,
            "thumbnail": "http://localhost/enm/search/assets/covers/9780472120680.jpg",
            "title": "Tactics of the Human: Experimental Technics in American Fiction"
        },
        {
            "authorsAndPublisher": "Katherine J. Mayberry; York University Press",
            "isbn": "9780814755471",
            "maximumPageRelevanceScore": "6.540097",
            "numMatchedPages": 2,
            "thumbnail": "http://localhost/enm/search/assets/covers/9780814755471.jpg",
            "title": "Teaching What You’re Not"
        },
        {
            "authorsAndPublisher": "M. Guy Thompson; New York University Press",
            "isbn": "9780814782194",
            "maximumPageRelevanceScore": "6.540097",
            "numMatchedPages": 5,
            "thumbnail": "http://localhost/enm/search/assets/covers/9780814782194.jpg",
            "title": "The truth about Freud’s technique"
        },
        {
            "authorsAndPublisher": "Ruth Colker; New York University Press",
            "isbn": "9780814715635",
            "maximumPageRelevanceScore": "6.0245667",
            "numMatchedPages": 2,
            "thumbnail": "http://localhost/enm/search/assets/covers/9780814715635.jpg",
            "title": "American Law in the Age of Hypercapitalism"
        },
        {
            "authorsAndPublisher": "Bill Ong Hing; NEW YORK UNIVERSITY PRESS",
            "isbn": "9780814735237",
            "maximumPageRelevanceScore": "6.0245667",
            "numMatchedPages": 1,
            "thumbnail": "http://localhost/enm/search/assets/covers/9780814735237.jpg",
            "title": "TO BE AN AMERICAN"
        },
        {
            "authorsAndPublisher": "Amy Koritz and George J. Sanchez; University of Michigan Press",
            "isbn": "9780472024483",
            "maximumPageRelevanceScore": "5.9042535",
            "numMatchedPages": 4,
            "thumbnail": "http://localhost/enm/search/assets/covers/9780472024483.jpg",
            "title": "Civic Engagement in the Wake of Katrina"
        },
        {
            "authorsAndPublisher": "Matthew A. Taylor; University of Minnesota Press",
            "isbn": "9780816680610",
            "maximumPageRelevanceScore": "5.9042535",
            "numMatchedPages": 7,
            "thumbnail": "http://localhost/enm/search/assets/covers/9780816680610.jpg",
            "title": "Universes without Us"
        },
        {
            "authorsAndPublisher": "Pinchbeck, Dan; The University of Michigan Press",
            "isbn": "9780472028931",
            "maximumPageRelevanceScore": "5.2322116",
            "numMatchedPages": 5,
            "thumbnail": "http://localhost/enm/search/assets/covers/9780472028931.jpg",
            "title": "Doom: Scarydarkfast"
        },
        {
            "authorsAndPublisher": "Alexander, Buzz; The University of Michigan Press and The University of Michigan Library",
            "isbn": "9780472027446",
            "maximumPageRelevanceScore": "5.2322116",
            "numMatchedPages": 6,
            "thumbnail": "http://localhost/enm/search/assets/covers/9780472027446.jpg",
            "title": "Is William Martinez Not Our Brother?: Twenty Years of the Prison Creative Arts Project"
        },
        {
            "authorsAndPublisher": "Stephen M. Feldman.; New York University Press",
            "isbn": "9780814726846",
            "maximumPageRelevanceScore": "5.2322116",
            "numMatchedPages": 2,
            "thumbnail": "http://localhost/enm/search/assets/covers/9780814726846.jpg",
            "title": "Please don’t Wish me a Merry Christmas"
        },
        {
            "authorsAndPublisher": "Steven Chung; University of Minnesota Press",
            "isbn": "9781452941516",
            "maximumPageRelevanceScore": "5.2322116",
            "numMatchedPages": 6,
            "thumbnail": "http://localhost/enm/search/assets/covers/9781452941516.jpg",
            "title": "Split Screen Korea"
        },
        {
            "authorsAndPublisher": "Ryuzo Sato; New York University Press",
            "isbn": "9780814780213",
            "maximumPageRelevanceScore": "5.2322116",
            "numMatchedPages": 1,
            "thumbnail": "http://localhost/enm/search/assets/covers/9780814780213.jpg",
            "title": "The Chrysanthemum and the Eagle"
        },
        {
            "authorsAndPublisher": "Turrow, Joseph; Tsui, Lokman; University of Michigan Press",
            "isbn": "9780472024537",
            "maximumPageRelevanceScore": "5.2322116",
            "numMatchedPages": 2,
            "thumbnail": "http://localhost/enm/search/assets/covers/9780472024537.jpg",
            "title": "The Hyperlinked Society: Questioning Connections in the Digital Age"
        },
        {
            "authorsAndPublisher": "Bonnie A. Nardi; The University of Michigan Press",
            "isbn": "9780472026715",
            "maximumPageRelevanceScore": "5.0844417",
            "numMatchedPages": 1,
            "thumbnail": "http://localhost/enm/search/assets/covers/9780472026715.jpg",
            "title": "My Life as a Night Elf Priest"
        },
        {
            "authorsAndPublisher": "Mark E. Kann; New York University Press",
            "isbn": "9780814747148",
            "maximumPageRelevanceScore": "4.7059155",
            "numMatchedPages": 6,
            "thumbnail": "http://localhost/enm/search/assets/covers/9780814747148.jpg",
            "title": "A Republic of Men"
        },
        {
            "authorsAndPublisher": "charles b.craver; New York University Press",
            "isbn": "9780814715123",
            "maximumPageRelevanceScore": "4.7059155",
            "numMatchedPages": 3,
            "thumbnail": "http://localhost/enm/search/assets/covers/9780814715123.jpg",
            "title": "Can Unions Survive?"
        },
        {
            "authorsAndPublisher": "Sonia Livingstone and Julian Sefton-Green; New York University Press",
            "isbn": "9781479824243",
            "maximumPageRelevanceScore": "4.7059155",
            "numMatchedPages": 5,
            "thumbnail": "http://localhost/enm/search/assets/covers/9781479824243.jpg",
            "title": "The Class: Living and Learning in the Digital Age"
        },
        {
            "authorsAndPublisher": "Stanley A. Renshon; New York University Press",
            "isbn": "9780814774632",
            "maximumPageRelevanceScore": "4.074456",
            "numMatchedPages": 2,
            "thumbnail": "http://localhost/enm/search/assets/covers/9780814774632.jpg",
            "title": "High Hopes"
        },
        {
            "authorsAndPublisher": "Eisner, Caroline; Vicinus, Martha; University of Michigan Press and University of Michigan Library",
            "isbn": "9780472024445",
            "maximumPageRelevanceScore": "4.074456",
            "numMatchedPages": 3,
            "thumbnail": "http://localhost/enm/search/assets/covers/9780472024445.jpg",
            "title": "Originality, Imitation, and Plagiarism"
        },
        {
            "authorsAndPublisher": "Klein, Julie Thompson; University of Michigan Press",
            "isbn": "9780472120932",
            "maximumPageRelevanceScore": "3.45183",
            "numMatchedPages": 1,
            "thumbnail": "http://localhost/enm/search/assets/covers/9780472120932.jpg",
            "title": "Interdisciplining Digital Humanities: Boundary Work in an Emerging Field"
        },
        {
            "authorsAndPublisher": "Lee, Chin-Chuan; University of Michigan Press",
            "isbn": "9780472120789",
            "maximumPageRelevanceScore": "3.3327827",
            "numMatchedPages": 2,
            "thumbnail": "http://localhost/enm/search/assets/covers/9780472120789.jpg",
            "title": "Internationalizing “International Communication”"
        },
        {
            "authorsAndPublisher": "Bernard J. Paris; New York University Press",
            "isbn": "9780814766569",
            "maximumPageRelevanceScore": "2.4962778",
            "numMatchedPages": 1,
            "thumbnail": "http://localhost/enm/search/assets/covers/9780814766569.jpg",
            "title": "Imagined Human Beings"
        }
    ],
    "resultsNumBooks": 35,
    "resultsNumPages": 151,
    "searchDCI": "time",
    "searchFulltext": false,
    "searchTopics": true,
    "topicsDCIs": [
    ]
}