{
    "id": "684888c0ebb17f374298b65ee2807526c066094c701bcc7ebbe1c1095f494fc1-fulltext-topics",
    "limitByTopics": [
        [
            "feminism",
            114
        ],
        [
            "Freud, Sigmund",
            105
        ],
        [
            "internet",
            105
        ],
        [
            "races",
            100
        ],
        [
            "globalization",
            94
        ],
        [
            "The New York Times",
            89
        ],
        [
            "Google",
            83
        ],
        [
            "values",
            74
        ],
        [
            "Foucault, Michel",
            73
        ],
        [
            "Facebook",
            72
        ],
        [
            "blogs",
            71
        ],
        [
            "fear",
            71
        ],
        [
            "anger",
            70
        ],
        [
            "sexuality",
            69
        ],
        [
            "Kant -- Immanuel",
            67
        ]
    ],
    "query": "*",
    "resultsMetadata": [
        {
            "authorsAndPublisher": "Mark E. Kann; New York University Press",
            "isbn": "9780814747148",
            "maximumPageRelevanceScore": "1",
            "numMatchedPages": 242,
            "thumbnail": "/search/assets/covers/9780814747148.jpg",
            "title": "A Republic of Men"
        },
        {
            "authorsAndPublisher": "Natalie Clifford Barney, John Spalding Gatton; New York University Press",
            "isbn": "9780814711774",
            "maximumPageRelevanceScore": "1",
            "numMatchedPages": 308,
            "thumbnail": "/search/assets/covers/9780814711774.jpg",
            "title": "Adventures of the Mind"
        },
        {
            "authorsAndPublisher": "Peter N. Stearns; New York University Press",
            "isbn": "9780814779965",
            "maximumPageRelevanceScore": "1",
            "numMatchedPages": 378,
            "thumbnail": "/search/assets/covers/9780814779965.jpg",
            "title": "American Cool"
        },
        {
            "authorsAndPublisher": "Ruth Colker; New York University Press",
            "isbn": "9780814715635",
            "maximumPageRelevanceScore": "1",
            "numMatchedPages": 265,
            "thumbnail": "/search/assets/covers/9780814715635.jpg",
            "title": "American Law in the Age of Hypercapitalism"
        },
        {
            "authorsAndPublisher": "Aimee Carrillo Rowe, Sheena Malhotra, and Kimberlee PÃ©rez; The Regents of the University of Minnesota",
            "isbn": "9781452940397",
            "maximumPageRelevanceScore": "1",
            "numMatchedPages": 248,
            "thumbnail": "/search/assets/covers/9781452940397.jpg",
            "title": "Answer the Call"
        },
        {
            "authorsAndPublisher": "David Mitchell; University of Minnesota Press",
            "isbn": "9780816689972",
            "maximumPageRelevanceScore": "1",
            "numMatchedPages": 291,
            "thumbnail": "/search/assets/covers/9780816689972.jpg",
            "title": "Becoming Human"
        },
        {
            "authorsAndPublisher": "Don Judson; New York University Press",
            "isbn": "9780814742297",
            "maximumPageRelevanceScore": "1",
            "numMatchedPages": 192,
            "thumbnail": "/search/assets/covers/9780814742297.jpg",
            "title": "Bird-Self Accumulated"
        },
        {
            "authorsAndPublisher": "Paula C. Rust; New York University Press",
            "isbn": "9780814774458",
            "maximumPageRelevanceScore": "1",
            "numMatchedPages": 388,
            "thumbnail": "/search/assets/covers/9780814774458.jpg",
            "title": "Bisexuality and the Challenge to Lesbian Politics"
        },
        {
            "authorsAndPublisher": "Paul Harris; New York University",
            "isbn": "9780814735923",
            "maximumPageRelevanceScore": "1",
            "numMatchedPages": 308,
            "thumbnail": "/search/assets/covers/9780814735923.jpg",
            "title": "Black Rage Confronts the Law"
        },
        {
            "authorsAndPublisher": "Seth Forman; New York University Press",
            "isbn": "9780814726815",
            "maximumPageRelevanceScore": "1",
            "numMatchedPages": 284,
            "thumbnail": "/search/assets/covers/9780814726815.jpg",
            "title": "Blacks in the Jewish Mind"
        },
        {
            "authorsAndPublisher": "Steve Kroll-Smith; New York University Press",
            "isbn": "9780814746622",
            "maximumPageRelevanceScore": "1",
            "numMatchedPages": 237,
            "thumbnail": "/search/assets/covers/9780814746622.jpg",
            "title": "Bodies in Protest"
        },
        {
            "authorsAndPublisher": "James B. Jacobs; New York University Press",
            "isbn": "9780814742303",
            "maximumPageRelevanceScore": "1",
            "numMatchedPages": 292,
            "thumbnail": "/search/assets/covers/9780814742303.jpg",
            "title": "Busting the Mob"
        },
        {
            "authorsAndPublisher": "Henry Jenkins et al; New York University Press",
            "isbn": "9781479899982",
            "maximumPageRelevanceScore": "1",
            "numMatchedPages": 359,
            "thumbnail": "/search/assets/covers/9781479899982.jpg",
            "title": "By Any Media Necessary"
        },
        {
            "authorsAndPublisher": "charles b.craver; New York University Press",
            "isbn": "9780814715123",
            "maximumPageRelevanceScore": "1",
            "numMatchedPages": 226,
            "thumbnail": "/search/assets/covers/9780814715123.jpg",
            "title": "Can Unions Survive?"
        },
        {
            "authorsAndPublisher": "David Holbrook; New York University Press",
            "isbn": "9780814735282",
            "maximumPageRelevanceScore": "1",
            "numMatchedPages": 208,
            "thumbnail": "/search/assets/covers/9780814735282.jpg",
            "title": "Charles Dickens and the Image of Woman"
        },
        {
            "authorsAndPublisher": "Moshe Y. Herczl; New York University Press New York and London",
            "isbn": "9780814735206",
            "maximumPageRelevanceScore": "1",
            "numMatchedPages": 310,
            "thumbnail": "/search/assets/covers/9780814735206.jpg",
            "title": "Christianity and the Holocaust of Hungarian Jewry"
        },
        {
            "authorsAndPublisher": "Amy Koritz and George J. Sanchez; University of Michigan Press",
            "isbn": "9780472024483",
            "maximumPageRelevanceScore": "1",
            "numMatchedPages": 252,
            "thumbnail": "/search/assets/covers/9780472024483.jpg",
            "title": "Civic Engagement in the Wake of Katrina"
        },
        {
            "authorsAndPublisher": "Ronald Suresh Roberts; New York University Press",
            "isbn": "9780814774816",
            "maximumPageRelevanceScore": "1",
            "numMatchedPages": 236,
            "thumbnail": "/search/assets/covers/9780814774816.jpg",
            "title": "Clarence Thomas and the Tough Love Crowd"
        },
        {
            "authorsAndPublisher": "John W. Chapman; New York University Press",
            "isbn": "9780814714539",
            "maximumPageRelevanceScore": "1",
            "numMatchedPages": 373,
            "thumbnail": "/search/assets/covers/9780814714539.jpg",
            "title": "Compensatory Justice"
        },
        {
            "authorsAndPublisher": "Steven Goldberg; New York University Press",
            "isbn": "9780814730911",
            "maximumPageRelevanceScore": "1",
            "numMatchedPages": 269,
            "thumbnail": "/search/assets/covers/9780814730911.jpg",
            "title": "Culture Clash"
        },
        {
            "authorsAndPublisher": "Anselm Haverkamp; New York University Press",
            "isbn": "9780814735190",
            "maximumPageRelevanceScore": "1",
            "numMatchedPages": 274,
            "thumbnail": "/search/assets/covers/9780814735190.jpg",
            "title": "Deconstruction is/in America"
        },
        {
            "authorsAndPublisher": "Gabrys, Jennifer; The University of Michigan Press",
            "isbn": "9780472029402",
            "maximumPageRelevanceScore": "1",
            "numMatchedPages": 238,
            "thumbnail": "/search/assets/covers/9780472029402.jpg",
            "title": "Digital Rubbish: A Natural History of Electronics"
        },
        {
            "authorsAndPublisher": "Mahiri, Jabari; The University of Michigan Press",
            "isbn": "9780472027606",
            "maximumPageRelevanceScore": "1",
            "numMatchedPages": 180,
            "thumbnail": "/search/assets/covers/9780472027606.jpg",
            "title": "Digital Tools in Urban Schools: Mediating a Remix of Learning"
        },
        {
            "authorsAndPublisher": "Pinchbeck, Dan; The University of Michigan Press",
            "isbn": "9780472028931",
            "maximumPageRelevanceScore": "1",
            "numMatchedPages": 197,
            "thumbnail": "/search/assets/covers/9780472028931.jpg",
            "title": "Doom: Scarydarkfast"
        },
        {
            "authorsAndPublisher": "Angelina E. Castagno; University of Minnesota Press",
            "isbn": "9780816681655",
            "maximumPageRelevanceScore": "1",
            "numMatchedPages": 207,
            "thumbnail": "/search/assets/covers/9780816681655.jpg",
            "title": "Educated in Whiteness"
        },
        {
            "authorsAndPublisher": "Pearl M. Oliner; New York University Press",
            "isbn": "9780814761908",
            "maximumPageRelevanceScore": "1",
            "numMatchedPages": 474,
            "thumbnail": "/search/assets/covers/9780814761908.jpg",
            "title": "Embracing the Other"
        },
        {
            "authorsAndPublisher": "Niobe Way; New York University Press",
            "isbn": "9780814793398",
            "maximumPageRelevanceScore": "1",
            "numMatchedPages": 320,
            "thumbnail": "/search/assets/covers/9780814793398.jpg",
            "title": "Everyday Courage"
        },
        {
            "authorsAndPublisher": "Antonio T. Tiongson Jr.; University of Minnesota Press",
            "isbn": "9780816687848",
            "maximumPageRelevanceScore": "1",
            "numMatchedPages": 144,
            "thumbnail": "/search/assets/covers/9780816687848.jpg",
            "title": "FILIPINOS REPRESENT"
        },
        {
            "authorsAndPublisher": "Jennifer L. Manlowe; New York University Press",
            "isbn": "9780814755297",
            "maximumPageRelevanceScore": "1",
            "numMatchedPages": 239,
            "thumbnail": "/search/assets/covers/9780814755297.jpg",
            "title": "Faith Born of Seduction"
        },
        {
            "authorsAndPublisher": "Peter L. Rudnytsky; New York University Press",
            "isbn": "9780814774755",
            "maximumPageRelevanceScore": "1",
            "numMatchedPages": 306,
            "thumbnail": "/search/assets/covers/9780814774755.jpg",
            "title": "Ferencziâs Turn in Psychoanalysis"
        },
        {
            "authorsAndPublisher": "Elizabeth Carolyn Miller; University of Michigan Press and University of Michigan Library",
            "isbn": "9780472024469",
            "maximumPageRelevanceScore": "1",
            "numMatchedPages": 296,
            "thumbnail": "/search/assets/covers/9780472024469.jpg",
            "title": "Framed: The New Woman Criminal in British Culture at the Fin de Siecle"
        },
        {
            "authorsAndPublisher": "Diane Helene Miller; New York University Press",
            "isbn": "9780814755969",
            "maximumPageRelevanceScore": "1",
            "numMatchedPages": 212,
            "thumbnail": "/search/assets/covers/9780814755969.jpg",
            "title": "Freedom to Differ"
        },
        {
            "authorsAndPublisher": "Joseph Dan; New York University Press",
            "isbn": "9780814718124",
            "maximumPageRelevanceScore": "1",
            "numMatchedPages": 340,
            "thumbnail": "/search/assets/covers/9780814718124.jpg",
            "title": "Gershom Scholem and the Mystical Dimension of Jewish History"
        },
        {
            "authorsAndPublisher": "Mark G. Winiarski; New York University Press",
            "isbn": "9780814793114",
            "maximumPageRelevanceScore": "1",
            "numMatchedPages": 392,
            "thumbnail": "/search/assets/covers/9780814793114.jpg",
            "title": "HIV Mental Health for the 21st Century"
        },
        {
            "authorsAndPublisher": "Cohen, Daniel J.; Scheinfeldt, Tom; The University of Michigan Press",
            "isbn": "9780472029471",
            "maximumPageRelevanceScore": "1",
            "numMatchedPages": 176,
            "thumbnail": "/search/assets/covers/9780472029471.jpg",
            "title": "Hacking the Academy: New Approaches to Scholarship and Teaching from Digital Humanities"
        },
        {
            "authorsAndPublisher": "Jenna M. Loyd; University of Minnesota Press",
            "isbn": "9780816676507",
            "maximumPageRelevanceScore": "1",
            "numMatchedPages": 361,
            "thumbnail": "/search/assets/covers/9780816676507.jpg",
            "title": "Health Rights Are Civil Rights"
        },
        {
            "authorsAndPublisher": "Stanley A. Renshon; New York University Press",
            "isbn": "9780814774632",
            "maximumPageRelevanceScore": "1",
            "numMatchedPages": 416,
            "thumbnail": "/search/assets/covers/9780814774632.jpg",
            "title": "High Hopes"
        },
        {
            "authorsAndPublisher": "Ruth Colker; New York University Press",
            "isbn": "9780814715383",
            "maximumPageRelevanceScore": "1",
            "numMatchedPages": 314,
            "thumbnail": "/search/assets/covers/9780814715383.jpg",
            "title": "Hybrid"
        },
        {
            "authorsAndPublisher": "Bernard J. Paris; New York University Press",
            "isbn": "9780814766569",
            "maximumPageRelevanceScore": "1",
            "numMatchedPages": 304,
            "thumbnail": "/search/assets/covers/9780814766569.jpg",
            "title": "Imagined Human Beings"
        },
        {
            "authorsAndPublisher": "Darling-Wolf, Fabienne; University of Michigan Press",
            "isbn": "9780472120796",
            "maximumPageRelevanceScore": "1",
            "numMatchedPages": 200,
            "thumbnail": "/search/assets/covers/9780472120796.jpg",
            "title": "Imagining the Global: Transnational Media and Popular Culture Beyond East and West"
        },
        {
            "authorsAndPublisher": "Barbara Fass Leavy; New York University Press",
            "isbn": "9780814751008",
            "maximumPageRelevanceScore": "1",
            "numMatchedPages": 388,
            "thumbnail": "/search/assets/covers/9780814751008.jpg",
            "title": "In Search of the Swan Maiden"
        },
        {
            "authorsAndPublisher": "Joe Schall; New York University Press",
            "isbn": "9780814779170",
            "maximumPageRelevanceScore": "1",
            "numMatchedPages": 182,
            "thumbnail": "/search/assets/covers/9780814779170.jpg",
            "title": "Indentation and Other Stories"
        },
        {
            "authorsAndPublisher": "Ian Shapiro; New York University Press",
            "isbn": "9780814780978",
            "maximumPageRelevanceScore": "1",
            "numMatchedPages": 351,
            "thumbnail": "/search/assets/covers/9780814780978.jpg",
            "title": "Integrity and Conscience"
        },
        {
            "authorsAndPublisher": "Klein, Julie Thompson; University of Michigan Press",
            "isbn": "9780472120932",
            "maximumPageRelevanceScore": "1",
            "numMatchedPages": 218,
            "thumbnail": "/search/assets/covers/9780472120932.jpg",
            "title": "Interdisciplining Digital Humanities: Boundary Work in an Emerging Field"
        },
        {
            "authorsAndPublisher": "Lee, Chin-Chuan; University of Michigan Press",
            "isbn": "9780472120789",
            "maximumPageRelevanceScore": "1",
            "numMatchedPages": 338,
            "thumbnail": "/search/assets/covers/9780472120789.jpg",
            "title": "Internationalizing âInternational Communicationâ"
        },
        {
            "authorsAndPublisher": "Alexander, Buzz; The University of Michigan Press and The University of Michigan Library",
            "isbn": "9780472027446",
            "maximumPageRelevanceScore": "1",
            "numMatchedPages": 307,
            "thumbnail": "/search/assets/covers/9780472027446.jpg",
            "title": "Is William Martinez Not Our Brother?: Twenty Years of the Prison Creative Arts Project"
        },
        {
            "authorsAndPublisher": "Gail R. Benjamin; New York University Press",
            "isbn": "9780814712917",
            "maximumPageRelevanceScore": "1",
            "numMatchedPages": 272,
            "thumbnail": "/search/assets/covers/9780814712917.jpg",
            "title": "Japanese lessons"
        },
        {
            "authorsAndPublisher": "Bertha Harris; New York University Press",
            "isbn": "9780814735053",
            "maximumPageRelevanceScore": "1",
            "numMatchedPages": 296,
            "thumbnail": "/search/assets/covers/9780814735053.jpg",
            "title": "Lover"
        },
        {
            "authorsAndPublisher": "Usher, Nikki; The University of Michigan Press",
            "isbn": "9780472120499",
            "maximumPageRelevanceScore": "1",
            "numMatchedPages": 293,
            "thumbnail": "/search/assets/covers/9780472120499.jpg",
            "title": "Making News at The New York Times"
        },
        {
            "authorsAndPublisher": "Cary Nelson; New York University Press",
            "isbn": "9780814757970",
            "maximumPageRelevanceScore": "1",
            "numMatchedPages": 254,
            "thumbnail": "/search/assets/covers/9780814757970.jpg",
            "title": "Manifesto of a Tenured Radical"
        },
        {
            "authorsAndPublisher": "John W. Chapman; New York University Press",
            "isbn": "9780814714218",
            "maximumPageRelevanceScore": "1",
            "numMatchedPages": 348,
            "thumbnail": "/search/assets/covers/9780814714218.jpg",
            "title": "Markets and Justice"
        },
        {
            "authorsAndPublisher": "Christina Gerken; University of Minnesota Press",
            "isbn": "9780816686353",
            "maximumPageRelevanceScore": "1",
            "numMatchedPages": 306,
            "thumbnail": "/search/assets/covers/9780816686353.jpg",
            "title": "Model Immigrants and Undesirable Aliens"
        },
        {
            "authorsAndPublisher": "Bonnie A. Nardi; The University of Michigan Press",
            "isbn": "9780472026715",
            "maximumPageRelevanceScore": "1",
            "numMatchedPages": 238,
            "thumbnail": "/search/assets/covers/9780472026715.jpg",
            "title": "My Life as a Night Elf Priest"
        },
        {
            "authorsAndPublisher": "Wolf, Mark J. P.; The University of Michigan Press",
            "isbn": "9780472027491",
            "maximumPageRelevanceScore": "1",
            "numMatchedPages": 133,
            "thumbnail": "/search/assets/covers/9780472027491.jpg",
            "title": "Myst and Riven: The World of the D'ni"
        },
        {
            "authorsAndPublisher": "Jay M. Harris; New York University Press",
            "isbn": "9780814735084",
            "maximumPageRelevanceScore": "1",
            "numMatchedPages": 355,
            "thumbnail": "/search/assets/covers/9780814735084.jpg",
            "title": "Nachman Krochmal"
        },
        {
            "authorsAndPublisher": "Marshall W. Alcorn, Jr.; New York University Press",
            "isbn": "9780814706657",
            "maximumPageRelevanceScore": "1",
            "numMatchedPages": 263,
            "thumbnail": "/search/assets/covers/9780814706657.jpg",
            "title": "Narcissism and the Literary Libido"
        },
        {
            "authorsAndPublisher": "Jody David Armour; New york University Press",
            "isbn": "9780814706404",
            "maximumPageRelevanceScore": "1",
            "numMatchedPages": 217,
            "thumbnail": "/search/assets/covers/9780814706404.jpg",
            "title": "Negrophobia and Reasonable Racism"
        },
        {
            "authorsAndPublisher": "Eisner, Caroline; Vicinus, Martha; University of Michigan Press and University of Michigan Library",
            "isbn": "9780472024445",
            "maximumPageRelevanceScore": "1",
            "numMatchedPages": 277,
            "thumbnail": "/search/assets/covers/9780472024445.jpg",
            "title": "Originality, Imitation, and Plagiarism"
        },
        {
            "authorsAndPublisher": "Richard K. Vedder and Lowell E. Gallaway; New York University Press",
            "isbn": "9780814787922",
            "maximumPageRelevanceScore": "1",
            "numMatchedPages": 408,
            "thumbnail": "/search/assets/covers/9780814787922.jpg",
            "title": "Out of Work"
        },
        {
            "authorsAndPublisher": "Price, Monroe E.; Dayan, Daniel; University of Michigan Press",
            "isbn": "9780472024506",
            "maximumPageRelevanceScore": "1",
            "numMatchedPages": 422,
            "thumbnail": "/search/assets/covers/9780472024506.jpg",
            "title": "Owning the Olympics: Narratives of the New China"
        },
        {
            "authorsAndPublisher": "Schur, Richard L.; The University of Michigan Press and The University of Michigan Library",
            "isbn": "9780472024490",
            "maximumPageRelevanceScore": "1",
            "numMatchedPages": 246,
            "thumbnail": "/search/assets/covers/9780472024490.jpg",
            "title": "Parodies of Ownership: Hip-Hop Aesthetics and Intellectual Property Law"
        },
        {
            "authorsAndPublisher": "Kee, Kevin; The University of Michigan Press",
            "isbn": "9780472120482",
            "maximumPageRelevanceScore": "1",
            "numMatchedPages": 346,
            "thumbnail": "/search/assets/covers/9780472120482.jpg",
            "title": "Pastplay: Teaching and Learning History with Technology"
        },
        {
            "authorsAndPublisher": "Stephen M. Feldman.; New York University Press",
            "isbn": "9780814726846",
            "maximumPageRelevanceScore": "1",
            "numMatchedPages": 408,
            "thumbnail": "/search/assets/covers/9780814726846.jpg",
            "title": "Please donât Wish me a Merry Christmas"
        },
        {
            "authorsAndPublisher": "Stein, Kevin; The University of Michigan Press",
            "isbn": "9780472026708",
            "maximumPageRelevanceScore": "1",
            "numMatchedPages": 275,
            "thumbnail": "/search/assets/covers/9780472026708.jpg",
            "title": "Poetry's Afterlife: Verse in the Digital Age"
        },
        {
            "authorsAndPublisher": "Ellen E. Berry; New York University Press",
            "isbn": "9780814712481",
            "maximumPageRelevanceScore": "1",
            "numMatchedPages": 326,
            "thumbnail": "/search/assets/covers/9780814712481.jpg",
            "title": "Postcommunism And The Body Politic"
        },
        {
            "authorsAndPublisher": "Gary Minda; New York University Press",
            "isbn": "9780814755112",
            "maximumPageRelevanceScore": "1",
            "numMatchedPages": 362,
            "thumbnail": "/search/assets/covers/9780814755112.jpg",
            "title": "Postmodern Legal Movements"
        },
        {
            "authorsAndPublisher": "R. Jeffrey Ringer; New York University Press",
            "isbn": "9780814774410",
            "maximumPageRelevanceScore": "1",
            "numMatchedPages": 360,
            "thumbnail": "/search/assets/covers/9780814774410.jpg",
            "title": "Queer Words, Queer Images: Communication and the Construction of Homosexuality"
        },
        {
            "authorsAndPublisher": "Martha Grace Duncan; New York University Press",
            "isbn": "9780814718803",
            "maximumPageRelevanceScore": "1",
            "numMatchedPages": 284,
            "thumbnail": "/search/assets/covers/9780814718803.jpg",
            "title": "Romantic Outlaws, Beloved Prisons"
        },
        {
            "authorsAndPublisher": "Amia Lieblich; New York University Press",
            "isbn": "9780814750957",
            "maximumPageRelevanceScore": "1",
            "numMatchedPages": 352,
            "thumbnail": "/search/assets/covers/9780814750957.jpg",
            "title": "Seasons of Captivity"
        },
        {
            "authorsAndPublisher": "Robert Rogers; New york University Press",
            "isbn": "9780814774434",
            "maximumPageRelevanceScore": "1",
            "numMatchedPages": 214,
            "thumbnail": "/search/assets/covers/9780814774434.jpg",
            "title": "Self and Other"
        },
        {
            "authorsAndPublisher": "John Marshall; New York University Press",
            "isbn": "9780814731437",
            "maximumPageRelevanceScore": "1",
            "numMatchedPages": 373,
            "thumbnail": "/search/assets/covers/9780814731437.jpg",
            "title": "Seriatim"
        },
        {
            "authorsAndPublisher": "Perron, Bernard; The University of Michigan Press",
            "isbn": "9780472027835",
            "maximumPageRelevanceScore": "1",
            "numMatchedPages": 170,
            "thumbnail": "/search/assets/covers/9780472027835.jpg",
            "title": "Silent Hill: The Terror Engine"
        },
        {
            "authorsAndPublisher": "Yochim, Emily Chivers; The University of Michigan Press and The University of Michigan Library",
            "isbn": "9780472026609",
            "maximumPageRelevanceScore": "1",
            "numMatchedPages": 239,
            "thumbnail": "/search/assets/covers/9780472026609.jpg",
            "title": "Skate Life: Re-Imagining White Masculinity"
        },
        {
            "authorsAndPublisher": "Steven Chung; University of Minnesota Press",
            "isbn": "9781452941516",
            "maximumPageRelevanceScore": "1",
            "numMatchedPages": 272,
            "thumbnail": "/search/assets/covers/9781452941516.jpg",
            "title": "Split Screen Korea"
        },
        {
            "authorsAndPublisher": "Bill Ong Hing; NEW YORK UNIVERSITY PRESS",
            "isbn": "9780814735237",
            "maximumPageRelevanceScore": "1",
            "numMatchedPages": 256,
            "thumbnail": "/search/assets/covers/9780814735237.jpg",
            "title": "TO BE AN AMERICAN"
        },
        {
            "authorsAndPublisher": "Shackelford, Laura; University of Michigan Press",
            "isbn": "9780472120680",
            "maximumPageRelevanceScore": "1",
            "numMatchedPages": 273,
            "thumbnail": "/search/assets/covers/9780472120680.jpg",
            "title": "Tactics of the Human: Experimental Technics in American Fiction"
        },
        {
            "authorsAndPublisher": "Kelly, T. Mills; The University of Michigan Press",
            "isbn": "9780472029136",
            "maximumPageRelevanceScore": "1",
            "numMatchedPages": 181,
            "thumbnail": "/search/assets/covers/9780472029136.jpg",
            "title": "Teaching History in the Digital Age"
        },
        {
            "authorsAndPublisher": "Katherine J. Mayberry; York University Press",
            "isbn": "9780814755471",
            "maximumPageRelevanceScore": "1",
            "numMatchedPages": 382,
            "thumbnail": "/search/assets/covers/9780814755471.jpg",
            "title": "Teaching What Youâre Not"
        },
        {
            "authorsAndPublisher": "Robert M. Seltzer; New York University Press",
            "isbn": "9780814780015",
            "maximumPageRelevanceScore": "1",
            "numMatchedPages": 492,
            "thumbnail": "/search/assets/covers/9780814780015.jpg",
            "title": "The Americanization of the Jews"
        },
        {
            "authorsAndPublisher": "David Kleinbard; New York University Press",
            "isbn": "9780814746677",
            "maximumPageRelevanceScore": "1",
            "numMatchedPages": 300,
            "thumbnail": "/search/assets/covers/9780814746677.jpg",
            "title": "The Beginning of Terror"
        },
        {
            "authorsAndPublisher": "Ryuzo Sato; New York University Press",
            "isbn": "9780814780213",
            "maximumPageRelevanceScore": "1",
            "numMatchedPages": 239,
            "thumbnail": "/search/assets/covers/9780814780213.jpg",
            "title": "The Chrysanthemum and the Eagle"
        },
        {
            "authorsAndPublisher": "Sonia Livingstone and Julian Sefton-Green; New York University Press",
            "isbn": "9781479824243",
            "maximumPageRelevanceScore": "1",
            "numMatchedPages": 367,
            "thumbnail": "/search/assets/covers/9781479824243.jpg",
            "title": "The Class: Living and Learning in the Digital Age"
        },
        {
            "authorsAndPublisher": "Ben-Ami Scharfstein; New York University Press",
            "isbn": "9780814779163",
            "maximumPageRelevanceScore": "1",
            "numMatchedPages": 240,
            "thumbnail": "/search/assets/covers/9780814779163.jpg",
            "title": "The Dilemma of Context"
        },
        {
            "authorsAndPublisher": "Liza Weinstein; University of Minnesota Press",
            "isbn": "9780816683109",
            "maximumPageRelevanceScore": "1",
            "numMatchedPages": 222,
            "thumbnail": "/search/assets/covers/9780816683109.jpg",
            "title": "The Durable Slum"
        },
        {
            "authorsAndPublisher": "Michael BÃ©rubÃ©; New York University Press",
            "isbn": "9780814713013",
            "maximumPageRelevanceScore": "1",
            "numMatchedPages": 270,
            "thumbnail": "/search/assets/covers/9780814713013.jpg",
            "title": "The Employment of English"
        },
        {
            "authorsAndPublisher": "Steven T. Katz; New York University Press",
            "isbn": "9780814746929",
            "maximumPageRelevanceScore": "1",
            "numMatchedPages": 586,
            "thumbnail": "/search/assets/covers/9780814746929.jpg",
            "title": "The Essential Agus"
        },
        {
            "authorsAndPublisher": "Nancy Levit; New York University Press",
            "isbn": "9780814751213",
            "maximumPageRelevanceScore": "1",
            "numMatchedPages": 311,
            "thumbnail": "/search/assets/covers/9780814751213.jpg",
            "title": "The Gender Line"
        },
        {
            "authorsAndPublisher": "Turrow, Joseph; Tsui, Lokman; University of Michigan Press",
            "isbn": "9780472024537",
            "maximumPageRelevanceScore": "1",
            "numMatchedPages": 325,
            "thumbnail": "/search/assets/covers/9780472024537.jpg",
            "title": "The Hyperlinked Society: Questioning Connections in the Digital Age"
        },
        {
            "authorsAndPublisher": "Mark Hertzog; New York University Press",
            "isbn": "9780814735305",
            "maximumPageRelevanceScore": "1",
            "numMatchedPages": 288,
            "thumbnail": "/search/assets/covers/9780814735305.jpg",
            "title": "The Lavender Vote"
        },
        {
            "authorsAndPublisher": "Syvertsen, Trine; Enli, Gunn; MjÃ¸s, Ole J.; Moe, Hallvard; The University of Michigan Press",
            "isbn": "9780472120314",
            "maximumPageRelevanceScore": "1",
            "numMatchedPages": 164,
            "thumbnail": "/search/assets/covers/9780472120314.jpg",
            "title": "The Media Welfare State: Nordic Media in the Digital Era"
        },
        {
            "authorsAndPublisher": "James Darsey; New York University Press",
            "isbn": "9780814718766",
            "maximumPageRelevanceScore": "1",
            "numMatchedPages": 292,
            "thumbnail": "/search/assets/covers/9780814718766.jpg",
            "title": "The Prophetic Tradition and Radical Rhetoric in America"
        },
        {
            "authorsAndPublisher": "Kathleen Barry; New york University Press",
            "isbn": "9780814712771",
            "maximumPageRelevanceScore": "1",
            "numMatchedPages": 388,
            "thumbnail": "/search/assets/covers/9780814712771.jpg",
            "title": "The Prostitution of Sexuality"
        },
        {
            "authorsAndPublisher": "Stanley A. Renshon; New York University Press",
            "isbn": "9780814774694",
            "maximumPageRelevanceScore": "1",
            "numMatchedPages": 530,
            "thumbnail": "/search/assets/covers/9780814774694.jpg",
            "title": "The Psychological Assessment of Presidential Candidates"
        },
        {
            "authorsAndPublisher": "Keith Beattie; New York University Press",
            "isbn": "9780814713266",
            "maximumPageRelevanceScore": "1",
            "numMatchedPages": 240,
            "thumbnail": "/search/assets/covers/9780814713266.jpg",
            "title": "The Scar That Binds"
        },
        {
            "authorsAndPublisher": "Daniel Rancour-Laferriere; New York University Press",
            "isbn": "9780814774823",
            "maximumPageRelevanceScore": "1",
            "numMatchedPages": 344,
            "thumbnail": "/search/assets/covers/9780814774823.jpg",
            "title": "The Slave Soul of Russia"
        },
        {
            "authorsAndPublisher": "Robert L. Hayman; New York University Press",
            "isbn": "9780814735336",
            "maximumPageRelevanceScore": "1",
            "numMatchedPages": 414,
            "thumbnail": "/search/assets/covers/9780814735336.jpg",
            "title": "The Smart Culture"
        },
        {
            "authorsAndPublisher": "Peggy Fitzhugh Johnstone; New York University Press",
            "isbn": "9780814742358",
            "maximumPageRelevanceScore": "1",
            "numMatchedPages": 220,
            "thumbnail": "/search/assets/covers/9780814742358.jpg",
            "title": "The Transformation of Rage"
        },
        {
            "authorsAndPublisher": "Herscher, Andrew; The University of Michigan Press",
            "isbn": "9780472029174",
            "maximumPageRelevanceScore": "1",
            "numMatchedPages": 316,
            "thumbnail": "/search/assets/covers/9780472029174.jpg",
            "title": "The Unreal Estate Guide to Detroit"
        },
        {
            "authorsAndPublisher": "M. Guy Thompson; New York University Press",
            "isbn": "9780814782194",
            "maximumPageRelevanceScore": "1",
            "numMatchedPages": 318,
            "thumbnail": "/search/assets/covers/9780814782194.jpg",
            "title": "The truth about Freudâs technique"
        },
        {
            "authorsAndPublisher": "Rossignol, Jim; The University of Michigan Press",
            "isbn": "9780472023141",
            "maximumPageRelevanceScore": "1",
            "numMatchedPages": 221,
            "thumbnail": "/search/assets/covers/9780472023141.jpg",
            "title": "This Gaming Life"
        },
        {
            "authorsAndPublisher": "Thomas Cushman; New York University Press",
            "isbn": "9780814715352",
            "maximumPageRelevanceScore": "1",
            "numMatchedPages": 422,
            "thumbnail": "/search/assets/covers/9780814715352.jpg",
            "title": "This Time We Knew"
        },
        {
            "authorsAndPublisher": "Matthew A. Taylor; University of Minnesota Press",
            "isbn": "9780816680610",
            "maximumPageRelevanceScore": "1",
            "numMatchedPages": 270,
            "thumbnail": "/search/assets/covers/9780816680610.jpg",
            "title": "Universes without Us"
        },
        {
            "authorsAndPublisher": "Cummings, Robert E.; Barton, Matt; University of Michigan Press and University of Michigan Library",
            "isbn": "9780472024513",
            "maximumPageRelevanceScore": "1",
            "numMatchedPages": 276,
            "thumbnail": "/search/assets/covers/9780472024513.jpg",
            "title": "Wiki Writing: Collaborative Learning in the College Classroom"
        },
        {
            "authorsAndPublisher": "Dougherty, Jack; Nawrotzki, Kristen; The University of Michigan Press",
            "isbn": "9780472029914",
            "maximumPageRelevanceScore": "1",
            "numMatchedPages": 297,
            "thumbnail": "/search/assets/covers/9780472029914.jpg",
            "title": "Writing History in the Digital Age"
        }
    ],
    "resultsNumBooks": 104,
    "resultsNumPages": 30793,
    "searchDCI": "*",
    "searchFulltext": true,
    "searchTopics": true,
    "topicsDCIs": [
    ]
}
