{
    "id": "684888c0ebb17f374298b65ee2807526c066094c701bcc7ebbe1c1095f494fc1-fulltext-topics-2a59df605c25171a3a0279dd689980bbf5235d17de6696635a49c710c76a51b4",
    "limitByTopics": [
        [
            "B & C (British and Colonial Kinematograph Company)",
            1
        ],
        [
            "Doyle, Arthur Conan -- Sherlock Holmes",
            1
        ],
        [
            "Eviction, The (1904)",
            1
        ],
        [
            "Exploits of Three-Fingered Kate (series)",
            1
        ],
        [
            "Exploits of Three-Fingered Kate (series) -- Three-Fingered Kate—The Case of the Chemical Fumes (1912)",
            1
        ],
        [
            "Exploits of Three-Fingered Kate (series) -- Three-Fingered Kate—The Pseudo-Quartette (1912)",
            1
        ],
        [
            "Gaumont",
            1
        ],
        [
            "Ireland",
            1
        ],
        [
            "Madame Rachel",
            1
        ],
        [
            "Madame Rachel -- Beautiful For Ever!",
            1
        ],
        [
            "Martinek, Ivy",
            1
        ],
        [
            "Meade, L. T.",
            1
        ],
        [
            "Meade, L. T. -- Sorceress of the Strand",
            1
        ],
        [
            "Pictures, The",
            1
        ],
        [
            "Queen of Criminals",
            1
        ]
    ],
    "query": "*",
    "resultsMetadata": [
        {
            "authorsAndPublisher": "Elizabeth Carolyn Miller; University of Michigan Press and University of Michigan Library",
            "isbn": "9780472024469",
            "maximumPageRelevanceScore": "1",
            "numMatchedPages": 2,
            "thumbnail": "http://localhost/enm/search/assets/covers/9780472024469.jpg",
            "title": "Framed: The New Woman Criminal in British Culture at the Fin de Siecle"
        }
    ],
    "resultsNumBooks": 1,
    "resultsNumPages": 2,
    "searchDCI": "*",
    "searchFulltext": true,
    "searchTopics": true,
    "topicsDCIs": [
        "feminism",
        "class",
        "Doyle, Arthur Conan"
    ]
}