{
    "id": "b00ef262afae566b51f740124a6b12d982a2cff1bbf2ab5632cb548e98da6feb-fulltext-topics",
    "limitByTopics": [
        [
            "Asterix",
            1
        ],
        [
            "Cinquième Evangile, Le",
            1
        ],
        [
            "Civil Wars storyline",
            1
        ],
        [
            "DREAMers",
            1
        ],
        [
            "Génie des Alpages, Le",
            1
        ],
        [
            "Hermelin, François",
            1
        ],
        [
            "Huerta, Erick",
            1
        ],
        [
            "Iznogoud",
            1
        ],
        [
            "Japanese anime and manga -- in U.S.",
            1
        ],
        [
            "Justice League",
            1
        ],
        [
            "Lanfeust de Troy",
            1
        ],
        [
            "Lucky Luke",
            1
        ],
        [
            "Marvel Comics",
            1
        ],
        [
            "Quête de l'Oiseau du Temps, La",
            1
        ],
        [
            "Rubrique à Brac",
            1
        ]
    ],
    "query": "wolverine",
    "resultsMetadata": [
        {
            "authorsAndPublisher": "Henry Jenkins et al; New York University Press",
            "isbn": "9781479899982",
            "maximumPageRelevanceScore": "9.03169",
            "numMatchedPages": 2,
            "thumbnail": "/enm/search/assets/covers/9781479899982.jpg",
            "title": "By Any Media Necessary"
        },
        {
            "authorsAndPublisher": "Darling-Wolf, Fabienne; University of Michigan Press",
            "isbn": "9780472120796",
            "maximumPageRelevanceScore": "6.846936",
            "numMatchedPages": 1,
            "thumbnail": "/enm/search/assets/covers/9780472120796.jpg",
            "title": "Imagining the Global: Transnational Media and Popular Culture Beyond East and West"
        }
    ],
    "resultsNumBooks": 2,
    "resultsNumPages": 3,
    "searchDCI": "wolverine",
    "searchFulltext": true,
    "searchTopics": true,
    "topicsDCIs": [
    ]
}