{
    "id": "dbab41120f92e12716a999ebb41f891929c2b01b29c5822f96cb7d62a4f7c328-topics",
    "limitByTopics": [
        [
            "United States of America",
            66
        ],
        [
            "United Nations",
            33
        ],
        [
            "United Kingdom, Great Britain",
            28
        ],
        [
            "United States Constitution",
            25
        ],
        [
            "Imperialism -- cultural",
            20
        ],
        [
            "Jewish Theological Seminary of America (JTS)",
            19
        ],
        [
            "Rabbinate, in America",
            17
        ],
        [
            "Cold War",
            16
        ],
        [
            "Latin America",
            16
        ],
        [
            "Germany",
            15
        ],
        [
            "United States -- as \"the West\"",
            14
        ],
        [
            "United States -- global influence of popular culture",
            14
        ],
        [
            "globalization",
            14
        ],
        [
            "France",
            13
        ],
        [
            "The New York Times",
            13
        ]
    ],
    "query": "United States of America",
    "resultsMetadata": [
        {
            "authorsAndPublisher": "Thomas Cushman; New York University Press",
            "isbn": "9780814715352",
            "maximumPageRelevanceScore": "19.280075",
            "numMatchedPages": 60,
            "thumbnail": "http://localhost/enm/search/assets/covers/9780814715352.jpg",
            "title": "This Time We Knew"
        },
        {
            "authorsAndPublisher": "Lee, Chin-Chuan; University of Michigan Press",
            "isbn": "9780472120789",
            "maximumPageRelevanceScore": "18.27599",
            "numMatchedPages": 68,
            "thumbnail": "http://localhost/enm/search/assets/covers/9780472120789.jpg",
            "title": "Internationalizing “International Communication”"
        },
        {
            "authorsAndPublisher": "Sonia Livingstone and Julian Sefton-Green; New York University Press",
            "isbn": "9781479824243",
            "maximumPageRelevanceScore": "18.27599",
            "numMatchedPages": 29,
            "thumbnail": "http://localhost/enm/search/assets/covers/9781479824243.jpg",
            "title": "The Class: Living and Learning in the Digital Age"
        },
        {
            "authorsAndPublisher": "Elizabeth Carolyn Miller; University of Michigan Press and University of Michigan Library",
            "isbn": "9780472024469",
            "maximumPageRelevanceScore": "16.927584",
            "numMatchedPages": 22,
            "thumbnail": "http://localhost/enm/search/assets/covers/9780472024469.jpg",
            "title": "Framed: The New Woman Criminal in British Culture at the Fin de Siecle"
        },
        {
            "authorsAndPublisher": "Steven Chung; University of Minnesota Press",
            "isbn": "9781452941516",
            "maximumPageRelevanceScore": "16.927584",
            "numMatchedPages": 18,
            "thumbnail": "http://localhost/enm/search/assets/covers/9781452941516.jpg",
            "title": "Split Screen Korea"
        },
        {
            "authorsAndPublisher": "Syvertsen, Trine; Enli, Gunn; Mjøs, Ole J.; Moe, Hallvard; The University of Michigan Press",
            "isbn": "9780472120314",
            "maximumPageRelevanceScore": "16.927584",
            "numMatchedPages": 29,
            "thumbnail": "http://localhost/enm/search/assets/covers/9780472120314.jpg",
            "title": "The Media Welfare State: Nordic Media in the Digital Era"
        },
        {
            "authorsAndPublisher": "Ruth Colker; New York University Press",
            "isbn": "9780814715383",
            "maximumPageRelevanceScore": "12.687022",
            "numMatchedPages": 6,
            "thumbnail": "http://localhost/enm/search/assets/covers/9780814715383.jpg",
            "title": "Hybrid"
        },
        {
            "authorsAndPublisher": "John W. Chapman; New York University Press",
            "isbn": "9780814714218",
            "maximumPageRelevanceScore": "11.779648",
            "numMatchedPages": 3,
            "thumbnail": "http://localhost/enm/search/assets/covers/9780814714218.jpg",
            "title": "Markets and Justice"
        },
        {
            "authorsAndPublisher": "John Marshall; New York University Press",
            "isbn": "9780814731437",
            "maximumPageRelevanceScore": "11.779648",
            "numMatchedPages": 27,
            "thumbnail": "http://localhost/enm/search/assets/covers/9780814731437.jpg",
            "title": "Seriatim"
        },
        {
            "authorsAndPublisher": "Ronald Suresh Roberts; New York University Press",
            "isbn": "9780814774816",
            "maximumPageRelevanceScore": "11.00639",
            "numMatchedPages": 35,
            "thumbnail": "http://localhost/enm/search/assets/covers/9780814774816.jpg",
            "title": "Clarence Thomas and the Tough Love Crowd"
        },
        {
            "authorsAndPublisher": "Steven Goldberg; New York University Press",
            "isbn": "9780814730911",
            "maximumPageRelevanceScore": "11.00639",
            "numMatchedPages": 15,
            "thumbnail": "http://localhost/enm/search/assets/covers/9780814730911.jpg",
            "title": "Culture Clash"
        },
        {
            "authorsAndPublisher": "Eisner, Caroline; Vicinus, Martha; University of Michigan Press and University of Michigan Library",
            "isbn": "9780472024445",
            "maximumPageRelevanceScore": "11.00639",
            "numMatchedPages": 13,
            "thumbnail": "http://localhost/enm/search/assets/covers/9780472024445.jpg",
            "title": "Originality, Imitation, and Plagiarism"
        },
        {
            "authorsAndPublisher": "Martha Grace Duncan; New York University Press",
            "isbn": "9780814718803",
            "maximumPageRelevanceScore": "11.00639",
            "numMatchedPages": 6,
            "thumbnail": "http://localhost/enm/search/assets/covers/9780814718803.jpg",
            "title": "Romantic Outlaws, Beloved Prisons"
        },
        {
            "authorsAndPublisher": "Darling-Wolf, Fabienne; University of Michigan Press",
            "isbn": "9780472120796",
            "maximumPageRelevanceScore": "10.738615",
            "numMatchedPages": 41,
            "thumbnail": "http://localhost/enm/search/assets/covers/9780472120796.jpg",
            "title": "Imagining the Global: Transnational Media and Popular Culture Beyond East and West"
        },
        {
            "authorsAndPublisher": "Richard K. Vedder and Lowell E. Gallaway; New York University Press",
            "isbn": "9780814787922",
            "maximumPageRelevanceScore": "10.598236",
            "numMatchedPages": 6,
            "thumbnail": "http://localhost/enm/search/assets/covers/9780814787922.jpg",
            "title": "Out of Work"
        },
        {
            "authorsAndPublisher": "Paul Harris; New York University",
            "isbn": "9780814735923",
            "maximumPageRelevanceScore": "10.025423",
            "numMatchedPages": 4,
            "thumbnail": "http://localhost/enm/search/assets/covers/9780814735923.jpg",
            "title": "Black Rage Confronts the Law"
        },
        {
            "authorsAndPublisher": "Kathleen Barry; New york University Press",
            "isbn": "9780814712771",
            "maximumPageRelevanceScore": "9.988024",
            "numMatchedPages": 38,
            "thumbnail": "http://localhost/enm/search/assets/covers/9780814712771.jpg",
            "title": "The Prostitution of Sexuality"
        },
        {
            "authorsAndPublisher": "Ruth Colker; New York University Press",
            "isbn": "9780814715635",
            "maximumPageRelevanceScore": "9.2007065",
            "numMatchedPages": 7,
            "thumbnail": "http://localhost/enm/search/assets/covers/9780814715635.jpg",
            "title": "American Law in the Age of Hypercapitalism"
        },
        {
            "authorsAndPublisher": "Gail R. Benjamin; New York University Press",
            "isbn": "9780814712917",
            "maximumPageRelevanceScore": "9.2007065",
            "numMatchedPages": 1,
            "thumbnail": "http://localhost/enm/search/assets/covers/9780814712917.jpg",
            "title": "Japanese lessons"
        },
        {
            "authorsAndPublisher": "R. Jeffrey Ringer; New York University Press",
            "isbn": "9780814774410",
            "maximumPageRelevanceScore": "9.2007065",
            "numMatchedPages": 9,
            "thumbnail": "http://localhost/enm/search/assets/covers/9780814774410.jpg",
            "title": "Queer Words, Queer Images: Communication and the Construction of Homosexuality"
        },
        {
            "authorsAndPublisher": "Bill Ong Hing; NEW YORK UNIVERSITY PRESS",
            "isbn": "9780814735237",
            "maximumPageRelevanceScore": "9.016965",
            "numMatchedPages": 7,
            "thumbnail": "http://localhost/enm/search/assets/covers/9780814735237.jpg",
            "title": "TO BE AN AMERICAN"
        },
        {
            "authorsAndPublisher": "Robert M. Seltzer; New York University Press",
            "isbn": "9780814780015",
            "maximumPageRelevanceScore": "8.284633",
            "numMatchedPages": 66,
            "thumbnail": "http://localhost/enm/search/assets/covers/9780814780015.jpg",
            "title": "The Americanization of the Jews"
        },
        {
            "authorsAndPublisher": "charles b.craver; New York University Press",
            "isbn": "9780814715123",
            "maximumPageRelevanceScore": "7.9906244",
            "numMatchedPages": 9,
            "thumbnail": "http://localhost/enm/search/assets/covers/9780814715123.jpg",
            "title": "Can Unions Survive?"
        },
        {
            "authorsAndPublisher": "Mark G. Winiarski; New York University Press",
            "isbn": "9780814793114",
            "maximumPageRelevanceScore": "7.9906244",
            "numMatchedPages": 1,
            "thumbnail": "http://localhost/enm/search/assets/covers/9780814793114.jpg",
            "title": "HIV Mental Health for the 21st Century"
        },
        {
            "authorsAndPublisher": "Schur, Richard L.; The University of Michigan Press and The University of Michigan Library",
            "isbn": "9780472024490",
            "maximumPageRelevanceScore": "7.9906244",
            "numMatchedPages": 7,
            "thumbnail": "http://localhost/enm/search/assets/covers/9780472024490.jpg",
            "title": "Parodies of Ownership: Hip-Hop Aesthetics and Intellectual Property Law"
        },
        {
            "authorsAndPublisher": "Stephen M. Feldman.; New York University Press",
            "isbn": "9780814726846",
            "maximumPageRelevanceScore": "7.9906244",
            "numMatchedPages": 19,
            "thumbnail": "http://localhost/enm/search/assets/covers/9780814726846.jpg",
            "title": "Please don’t Wish me a Merry Christmas"
        },
        {
            "authorsAndPublisher": "Ryuzo Sato; New York University Press",
            "isbn": "9780814780213",
            "maximumPageRelevanceScore": "7.9906244",
            "numMatchedPages": 7,
            "thumbnail": "http://localhost/enm/search/assets/covers/9780814780213.jpg",
            "title": "The Chrysanthemum and the Eagle"
        },
        {
            "authorsAndPublisher": "Nancy Levit; New York University Press",
            "isbn": "9780814751213",
            "maximumPageRelevanceScore": "7.9906244",
            "numMatchedPages": 5,
            "thumbnail": "http://localhost/enm/search/assets/covers/9780814751213.jpg",
            "title": "The Gender Line"
        },
        {
            "authorsAndPublisher": "Mark E. Kann; New York University Press",
            "isbn": "9780814747148",
            "maximumPageRelevanceScore": "7.186865",
            "numMatchedPages": 17,
            "thumbnail": "http://localhost/enm/search/assets/covers/9780814747148.jpg",
            "title": "A Republic of Men"
        },
        {
            "authorsAndPublisher": "John W. Chapman; New York University Press",
            "isbn": "9780814714539",
            "maximumPageRelevanceScore": "7.186865",
            "numMatchedPages": 4,
            "thumbnail": "http://localhost/enm/search/assets/covers/9780814714539.jpg",
            "title": "Compensatory Justice"
        },
        {
            "authorsAndPublisher": "Price, Monroe E.; Dayan, Daniel; University of Michigan Press",
            "isbn": "9780472024506",
            "maximumPageRelevanceScore": "7.186865",
            "numMatchedPages": 3,
            "thumbnail": "http://localhost/enm/search/assets/covers/9780472024506.jpg",
            "title": "Owning the Olympics: Narratives of the New China"
        },
        {
            "authorsAndPublisher": "Robert L. Hayman; New York University Press",
            "isbn": "9780814735336",
            "maximumPageRelevanceScore": "7.186865",
            "numMatchedPages": 3,
            "thumbnail": "http://localhost/enm/search/assets/covers/9780814735336.jpg",
            "title": "The Smart Culture"
        },
        {
            "authorsAndPublisher": "James B. Jacobs; New York University Press",
            "isbn": "9780814742303",
            "maximumPageRelevanceScore": "6.2225018",
            "numMatchedPages": 12,
            "thumbnail": "http://localhost/enm/search/assets/covers/9780814742303.jpg",
            "title": "Busting the Mob"
        },
        {
            "authorsAndPublisher": "Stanley A. Renshon; New York University Press",
            "isbn": "9780814774694",
            "maximumPageRelevanceScore": "6.2225018",
            "numMatchedPages": 7,
            "thumbnail": "http://localhost/enm/search/assets/covers/9780814774694.jpg",
            "title": "The Psychological Assessment of Presidential Candidates"
        },
        {
            "authorsAndPublisher": "Amy Koritz and George J. Sanchez; University of Michigan Press",
            "isbn": "9780472024483",
            "maximumPageRelevanceScore": "6.052953",
            "numMatchedPages": 15,
            "thumbnail": "http://localhost/enm/search/assets/covers/9780472024483.jpg",
            "title": "Civic Engagement in the Wake of Katrina"
        },
        {
            "authorsAndPublisher": "Seth Forman; New York University Press",
            "isbn": "9780814726815",
            "maximumPageRelevanceScore": "5.8923283",
            "numMatchedPages": 12,
            "thumbnail": "http://localhost/enm/search/assets/covers/9780814726815.jpg",
            "title": "Blacks in the Jewish Mind"
        },
        {
            "authorsAndPublisher": "Shackelford, Laura; University of Michigan Press",
            "isbn": "9780472120680",
            "maximumPageRelevanceScore": "5.8923283",
            "numMatchedPages": 2,
            "thumbnail": "http://localhost/enm/search/assets/covers/9780472120680.jpg",
            "title": "Tactics of the Human: Experimental Technics in American Fiction"
        },
        {
            "authorsAndPublisher": "Turrow, Joseph; Tsui, Lokman; University of Michigan Press",
            "isbn": "9780472024537",
            "maximumPageRelevanceScore": "5.8120804",
            "numMatchedPages": 6,
            "thumbnail": "http://localhost/enm/search/assets/covers/9780472024537.jpg",
            "title": "The Hyperlinked Society: Questioning Connections in the Digital Age"
        },
        {
            "authorsAndPublisher": "Steve Kroll-Smith; New York University Press",
            "isbn": "9780814746622",
            "maximumPageRelevanceScore": "5.4076104",
            "numMatchedPages": 1,
            "thumbnail": "http://localhost/enm/search/assets/covers/9780814746622.jpg",
            "title": "Bodies in Protest"
        },
        {
            "authorsAndPublisher": "Alexander, Buzz; The University of Michigan Press and The University of Michigan Library",
            "isbn": "9780472027446",
            "maximumPageRelevanceScore": "5.4076104",
            "numMatchedPages": 10,
            "thumbnail": "http://localhost/enm/search/assets/covers/9780472027446.jpg",
            "title": "Is William Martinez Not Our Brother?: Twenty Years of the Prison Creative Arts Project"
        },
        {
            "authorsAndPublisher": "Cary Nelson; New York University Press",
            "isbn": "9780814757970",
            "maximumPageRelevanceScore": "5.4076104",
            "numMatchedPages": 1,
            "thumbnail": "http://localhost/enm/search/assets/covers/9780814757970.jpg",
            "title": "Manifesto of a Tenured Radical"
        },
        {
            "authorsAndPublisher": "Keith Beattie; New York University Press",
            "isbn": "9780814713266",
            "maximumPageRelevanceScore": "5.4076104",
            "numMatchedPages": 7,
            "thumbnail": "http://localhost/enm/search/assets/covers/9780814713266.jpg",
            "title": "The Scar That Binds"
        },
        {
            "authorsAndPublisher": "Henry Jenkins et al; New York University Press",
            "isbn": "9781479899982",
            "maximumPageRelevanceScore": "5.2996182",
            "numMatchedPages": 8,
            "thumbnail": "http://localhost/enm/search/assets/covers/9781479899982.jpg",
            "title": "By Any Media Necessary"
        },
        {
            "authorsAndPublisher": "James Darsey; New York University Press",
            "isbn": "9780814718766",
            "maximumPageRelevanceScore": "5.2996182",
            "numMatchedPages": 14,
            "thumbnail": "http://localhost/enm/search/assets/covers/9780814718766.jpg",
            "title": "The Prophetic Tradition and Radical Rhetoric in America"
        },
        {
            "authorsAndPublisher": "Stein, Kevin; The University of Michigan Press",
            "isbn": "9780472026708",
            "maximumPageRelevanceScore": "5.0898194",
            "numMatchedPages": 3,
            "thumbnail": "http://localhost/enm/search/assets/covers/9780472026708.jpg",
            "title": "Poetry's Afterlife: Verse in the Digital Age"
        },
        {
            "authorsAndPublisher": "Katherine J. Mayberry; York University Press",
            "isbn": "9780814755471",
            "maximumPageRelevanceScore": "5.07855",
            "numMatchedPages": 3,
            "thumbnail": "http://localhost/enm/search/assets/covers/9780814755471.jpg",
            "title": "Teaching What You’re Not"
        },
        {
            "authorsAndPublisher": "Peter L. Rudnytsky; New York University Press",
            "isbn": "9780814774755",
            "maximumPageRelevanceScore": "4.6963983",
            "numMatchedPages": 2,
            "thumbnail": "http://localhost/enm/search/assets/covers/9780814774755.jpg",
            "title": "Ferenczi’s Turn in Psychoanalysis"
        },
        {
            "authorsAndPublisher": "Michael Bérubé; New York University Press",
            "isbn": "9780814713013",
            "maximumPageRelevanceScore": "4.6963983",
            "numMatchedPages": 1,
            "thumbnail": "http://localhost/enm/search/assets/covers/9780814713013.jpg",
            "title": "The Employment of English"
        },
        {
            "authorsAndPublisher": "Moshe Y. Herczl; New York University Press New York and London",
            "isbn": "9780814735206",
            "maximumPageRelevanceScore": "4.40887",
            "numMatchedPages": 12,
            "thumbnail": "http://localhost/enm/search/assets/covers/9780814735206.jpg",
            "title": "Christianity and the Holocaust of Hungarian Jewry"
        },
        {
            "authorsAndPublisher": "Robert Rogers; New york University Press",
            "isbn": "9780814774434",
            "maximumPageRelevanceScore": "4.161611",
            "numMatchedPages": 1,
            "thumbnail": "http://localhost/enm/search/assets/covers/9780814774434.jpg",
            "title": "Self and Other"
        },
        {
            "authorsAndPublisher": "Jenna M. Loyd; University of Minnesota Press",
            "isbn": "9780816676507",
            "maximumPageRelevanceScore": "3.829013",
            "numMatchedPages": 17,
            "thumbnail": "http://localhost/enm/search/assets/covers/9780816676507.jpg",
            "title": "Health Rights Are Civil Rights"
        },
        {
            "authorsAndPublisher": "Diane Helene Miller; New York University Press",
            "isbn": "9780814755969",
            "maximumPageRelevanceScore": "3.8123107",
            "numMatchedPages": 8,
            "thumbnail": "http://localhost/enm/search/assets/covers/9780814755969.jpg",
            "title": "Freedom to Differ"
        },
        {
            "authorsAndPublisher": "Stanley A. Renshon; New York University Press",
            "isbn": "9780814774632",
            "maximumPageRelevanceScore": "3.6572046",
            "numMatchedPages": 2,
            "thumbnail": "http://localhost/enm/search/assets/covers/9780814774632.jpg",
            "title": "High Hopes"
        },
        {
            "authorsAndPublisher": "Usher, Nikki; The University of Michigan Press",
            "isbn": "9780472120499",
            "maximumPageRelevanceScore": "3.6572046",
            "numMatchedPages": 2,
            "thumbnail": "http://localhost/enm/search/assets/covers/9780472120499.jpg",
            "title": "Making News at The New York Times"
        },
        {
            "authorsAndPublisher": "Liza Weinstein; University of Minnesota Press",
            "isbn": "9780816683109",
            "maximumPageRelevanceScore": "3.4438612",
            "numMatchedPages": 8,
            "thumbnail": "http://localhost/enm/search/assets/covers/9780816683109.jpg",
            "title": "The Durable Slum"
        },
        {
            "authorsAndPublisher": "Mahiri, Jabari; The University of Michigan Press",
            "isbn": "9780472027606",
            "maximumPageRelevanceScore": "2.5243971",
            "numMatchedPages": 3,
            "thumbnail": "http://localhost/enm/search/assets/covers/9780472027606.jpg",
            "title": "Digital Tools in Urban Schools: Mediating a Remix of Learning"
        },
        {
            "authorsAndPublisher": "Antonio T. Tiongson Jr.; University of Minnesota Press",
            "isbn": "9780816687848",
            "maximumPageRelevanceScore": "2.240642",
            "numMatchedPages": 1,
            "thumbnail": "http://localhost/enm/search/assets/covers/9780816687848.jpg",
            "title": "FILIPINOS REPRESENT"
        },
        {
            "authorsAndPublisher": "Klein, Julie Thompson; University of Michigan Press",
            "isbn": "9780472120932",
            "maximumPageRelevanceScore": "1.8465369",
            "numMatchedPages": 1,
            "thumbnail": "http://localhost/enm/search/assets/covers/9780472120932.jpg",
            "title": "Interdisciplining Digital Humanities: Boundary Work in an Emerging Field"
        }
    ],
    "resultsNumBooks": 58,
    "resultsNumPages": 744,
    "searchDCI": "United States of America",
    "searchFulltext": false,
    "searchTopics": true,
    "topicsDCIs": [
    ]
}