{
    "id": "e3b0c44298fc1c149afbf4c8996fb92427ae41e4649b934ca495991b7852b855-fulltext",
    "limitByTopics": [
    ],
    "query": "",
    "resultsMetadata": [
    ],
    "resultsNumBooks": null,
    "resultsNumPages": null,
    "searchDCI": null,
    "searchFulltext": true,
    "searchTopics": false,
    "topicsDCIs": [
    ]
}