{
    "id": "ee0874170b7f6f32b8c2ac9573c428d35b575270a66b757c2c0185d2bd09718d-topics",
    "limitByTopics": [
        [
            "Anything That Moves: Beyond the Myths of Bisexuality",
            24
        ],
        [
            "North Bi Northwest",
            10
        ],
        [
            "Bi Women",
            9
        ],
        [
            "Smith, P.",
            6
        ],
        [
            "Bennett, K.",
            5
        ],
        [
            "Bisexual -- identity, or identification as",
            5
        ],
        [
            "Weise, E. R.",
            5
        ],
        [
            "AIDS",
            4
        ],
        [
            "Avery, E.",
            4
        ],
        [
            "Ochs, R.",
            4
        ],
        [
            "Attractions, sexual or romantic -- to women and men, or bisexual",
            3
        ],
        [
            "Courtney, A.",
            3
        ],
        [
            "Gonsalves, S.",
            3
        ],
        [
            "HIV",
            3
        ],
        [
            "Heterosexual -- society",
            3
        ]
    ],
    "query": "anything",
    "resultsMetadata": [
        {
            "authorsAndPublisher": "Paula C. Rust; New York University Press",
            "isbn": "9780814774458",
            "maximumPageRelevanceScore": "9.535059",
            "numMatchedPages": 24,
            "thumbnail": "http://localhost/enm/search/assets/covers/9780814774458.jpg",
            "title": "Bisexuality and the Challenge to Lesbian Politics"
        }
    ],
    "resultsNumBooks": 1,
    "resultsNumPages": 24,
    "searchDCI": "anything",
    "searchFulltext": false,
    "searchTopics": true,
    "topicsDCIs": [
    ]
}